Archive member included to satisfy reference by file (symbol)

d:/rm/arm-gnu-toolchian/bin/../lib/gcc/arm-none-eabi/10.3.1/../../../../arm-none-eabi/lib/thumb/v7e-m+dp/hard\libc_nano.a(lib_a-errno.o)
                              build/sysmem.o (__errno)
d:/rm/arm-gnu-toolchian/bin/../lib/gcc/arm-none-eabi/10.3.1/../../../../arm-none-eabi/lib/thumb/v7e-m+dp/hard\libc_nano.a(lib_a-exit.o)
                              d:/rm/arm-gnu-toolchian/bin/../lib/gcc/arm-none-eabi/10.3.1/../../../../arm-none-eabi/lib/thumb/v7e-m+dp/hard/crt0.o (exit)
d:/rm/arm-gnu-toolchian/bin/../lib/gcc/arm-none-eabi/10.3.1/../../../../arm-none-eabi/lib/thumb/v7e-m+dp/hard\libc_nano.a(lib_a-impure.o)
                              d:/rm/arm-gnu-toolchian/bin/../lib/gcc/arm-none-eabi/10.3.1/../../../../arm-none-eabi/lib/thumb/v7e-m+dp/hard\libc_nano.a(lib_a-exit.o) (_global_impure_ptr)
d:/rm/arm-gnu-toolchian/bin/../lib/gcc/arm-none-eabi/10.3.1/../../../../arm-none-eabi/lib/thumb/v7e-m+dp/hard\libc_nano.a(lib_a-init.o)
                              d:/rm/arm-gnu-toolchian/bin/../lib/gcc/arm-none-eabi/10.3.1/../../../../arm-none-eabi/lib/thumb/v7e-m+dp/hard/crt0.o (__libc_init_array)
d:/rm/arm-gnu-toolchian/bin/../lib/gcc/arm-none-eabi/10.3.1/../../../../arm-none-eabi/lib/thumb/v7e-m+dp/hard\libc_nano.a(lib_a-malloc.o)
                              build/bsp_usart.o (malloc)
d:/rm/arm-gnu-toolchian/bin/../lib/gcc/arm-none-eabi/10.3.1/../../../../arm-none-eabi/lib/thumb/v7e-m+dp/hard\libc_nano.a(lib_a-memcpy-stub.o)
                              build/stm32h7xx_hal_fdcan.o (memcpy)
d:/rm/arm-gnu-toolchian/bin/../lib/gcc/arm-none-eabi/10.3.1/../../../../arm-none-eabi/lib/thumb/v7e-m+dp/hard\libc_nano.a(lib_a-memset.o)
                              d:/rm/arm-gnu-toolchian/bin/../lib/gcc/arm-none-eabi/10.3.1/../../../../arm-none-eabi/lib/thumb/v7e-m+dp/hard/crt0.o (memset)
d:/rm/arm-gnu-toolchian/bin/../lib/gcc/arm-none-eabi/10.3.1/../../../../arm-none-eabi/lib/thumb/v7e-m+dp/hard\libc_nano.a(lib_a-nano-freer.o)
                              d:/rm/arm-gnu-toolchian/bin/../lib/gcc/arm-none-eabi/10.3.1/../../../../arm-none-eabi/lib/thumb/v7e-m+dp/hard\libc_nano.a(lib_a-malloc.o) (_free_r)
d:/rm/arm-gnu-toolchian/bin/../lib/gcc/arm-none-eabi/10.3.1/../../../../arm-none-eabi/lib/thumb/v7e-m+dp/hard\libc_nano.a(lib_a-nano-mallocr.o)
                              d:/rm/arm-gnu-toolchian/bin/../lib/gcc/arm-none-eabi/10.3.1/../../../../arm-none-eabi/lib/thumb/v7e-m+dp/hard\libc_nano.a(lib_a-malloc.o) (_malloc_r)
d:/rm/arm-gnu-toolchian/bin/../lib/gcc/arm-none-eabi/10.3.1/../../../../arm-none-eabi/lib/thumb/v7e-m+dp/hard\libc_nano.a(lib_a-printf.o)
                              build/sdram.o (printf)
d:/rm/arm-gnu-toolchian/bin/../lib/gcc/arm-none-eabi/10.3.1/../../../../arm-none-eabi/lib/thumb/v7e-m+dp/hard\libc_nano.a(lib_a-puts.o)
                              build/sdram.o (puts)
d:/rm/arm-gnu-toolchian/bin/../lib/gcc/arm-none-eabi/10.3.1/../../../../arm-none-eabi/lib/thumb/v7e-m+dp/hard\libc_nano.a(lib_a-sbrkr.o)
                              d:/rm/arm-gnu-toolchian/bin/../lib/gcc/arm-none-eabi/10.3.1/../../../../arm-none-eabi/lib/thumb/v7e-m+dp/hard\libc_nano.a(lib_a-nano-mallocr.o) (_sbrk_r)
d:/rm/arm-gnu-toolchian/bin/../lib/gcc/arm-none-eabi/10.3.1/../../../../arm-none-eabi/lib/thumb/v7e-m+dp/hard\libc_nano.a(lib_a-sprintf.o)
                              build/bsp_log.o (sprintf)
d:/rm/arm-gnu-toolchian/bin/../lib/gcc/arm-none-eabi/10.3.1/../../../../arm-none-eabi/lib/thumb/v7e-m+dp/hard\libc_nano.a(lib_a-strcmp.o)
                              build/message_center.o (strcmp)
d:/rm/arm-gnu-toolchian/bin/../lib/gcc/arm-none-eabi/10.3.1/../../../../arm-none-eabi/lib/thumb/v7e-m+dp/hard\libc_nano.a(lib_a-strcpy.o)
                              build/message_center.o (strcpy)
d:/rm/arm-gnu-toolchian/bin/../lib/gcc/arm-none-eabi/10.3.1/../../../../arm-none-eabi/lib/thumb/v7e-m+dp/hard\libc_nano.a(lib_a-strnlen.o)
                              build/message_center.o (strnlen)
d:/rm/arm-gnu-toolchian/bin/../lib/gcc/arm-none-eabi/10.3.1/../../../../arm-none-eabi/lib/thumb/v7e-m+dp/hard\libc_nano.a(lib_a-wbuf.o)
                              d:/rm/arm-gnu-toolchian/bin/../lib/gcc/arm-none-eabi/10.3.1/../../../../arm-none-eabi/lib/thumb/v7e-m+dp/hard\libc_nano.a(lib_a-puts.o) (__swbuf_r)
d:/rm/arm-gnu-toolchian/bin/../lib/gcc/arm-none-eabi/10.3.1/../../../../arm-none-eabi/lib/thumb/v7e-m+dp/hard\libc_nano.a(lib_a-wsetup.o)
                              d:/rm/arm-gnu-toolchian/bin/../lib/gcc/arm-none-eabi/10.3.1/../../../../arm-none-eabi/lib/thumb/v7e-m+dp/hard\libc_nano.a(lib_a-puts.o) (__swsetup_r)
d:/rm/arm-gnu-toolchian/bin/../lib/gcc/arm-none-eabi/10.3.1/../../../../arm-none-eabi/lib/thumb/v7e-m+dp/hard\libc_nano.a(lib_a-fflush.o)
                              d:/rm/arm-gnu-toolchian/bin/../lib/gcc/arm-none-eabi/10.3.1/../../../../arm-none-eabi/lib/thumb/v7e-m+dp/hard\libc_nano.a(lib_a-wbuf.o) (_fflush_r)
[...]
Memory Configuration

Name             Origin             Length             Attributes
DTCMRAM          0x20000000         0x00020000         xrw
RAM              0x24000000         0x00080000         xrw
RAM_D2           0x30000000         0x00048000         xrw
RAM_D3           0x38000000         0x00010000         xrw
ITCMRAM          0x00000000         0x00010000         xrw
FLASH            0x08000000         0x00200000         xr
*default*        0x00000000         0xffffffff

Linker script and memory map

LOAD d:/rm/arm-gnu-toolchian/bin/../lib/gcc/arm-none-eabi/10.3.1/thumb/v7e-m+dp/hard/crti.o
LOAD d:/rm/arm-gnu-toolchian/bin/../lib/gcc/arm-none-eabi/10.3.1/thumb/v7e-m+dp/hard/crtbegin.o
LOAD d:/rm/arm-gnu-toolchian/bin/../lib/gcc/arm-none-eabi/10.3.1/../../../../arm-none-eabi/lib/thumb/v7e-m+dp/hard/crt0.o
LOAD build/main.o
LOAD build/gpio.o
LOAD build/memorymap.o
LOAD build/usart.o
LOAD build/stm32h7xx_it.o
LOAD build/stm32h7xx_hal_msp.o
LOAD build/crc.o
LOAD build/rng.o
LOAD build/rtc.o
LOAD build/stm32h7xx_hal_cortex.o
LOAD build/stm32h7xx_hal_rcc.o
LOAD build/stm32h7xx_hal_rcc_ex.o
LOAD build/stm32h7xx_hal_flash.o
LOAD build/stm32h7xx_hal_flash_ex.o
LOAD build/stm32h7xx_hal_gpio.o
LOAD build/stm32h7xx_hal_hsem.o
LOAD build/stm32h7xx_hal_dma.o
LOAD build/stm32h7xx_hal_dma_ex.o
LOAD build/stm32h7xx_hal_mdma.o
LOAD build/stm32h7xx_hal_pwr.o
LOAD build/stm32h7xx_hal_pwr_ex.o
LOAD build/stm32h7xx_hal.o
LOAD build/stm32h7xx_hal_i2c.o
LOAD build/stm32h7xx_hal_i2c_ex.o
LOAD build/stm32h7xx_hal_exti.o
LOAD build/stm32h7xx_hal_tim.o
LOAD build/stm32h7xx_hal_tim_ex.o
LOAD build/stm32h7xx_hal_uart.o
LOAD build/stm32h7xx_hal_uart_ex.o
LOAD build/stm32h7xx_hal_crc.o
LOAD build/stm32h7xx_hal_crc_ex.o
LOAD build/stm32h7xx_hal_rng.o
LOAD build/stm32h7xx_hal_rng_ex.o
LOAD build/stm32h7xx_hal_rtc.o
LOAD build/stm32h7xx_hal_rtc_ex.o
LOAD build/FastMathFunctions.o
LOAD build/arm_common_tables.o
LOAD build/system_stm32h7xx.o
LOAD build/sysmem.o
LOAD build/syscalls.o
LOAD build/fdcan.o
LOAD build/stm32h7xx_hal_fdcan.o
LOAD build/bsp_usart.o
LOAD build/bsp_can.o
LOAD build/bsp_dwt.o
LOAD build/bsp_log.o
LOAD build/daemon.o
LOAD build/mp3.o
LOAD build/bluetooth.o
LOAD build/controller.o
LOAD build/crc8.o
LOAD build/lcd_fonts.o
LOAD build/lcd_image.o
LOAD build/lcd_rgb.o
LOAD build/lcd_test.o
LOAD build/sdram.o
LOAD build/ops.o
LOAD build/DJI_motor.o
LOAD build/step_motor.o
LOAD build/motor_task.o
LOAD build/message_center.o
LOAD build/robot_cmd.o
LOAD build/robot.o
LOAD build/chassis.o
LOAD build/stm32h7xx_hal_timebase_tim.o
LOAD build/freertos.o
LOAD build/croutine.o
LOAD build/event_groups.o
LOAD build/list.o
LOAD build/queue.o
LOAD build/stream_buffer.o
LOAD build/tasks.o
LOAD build/timers.o
LOAD build/cmsis_os.o
LOAD build/heap_4.o
LOAD build/port.o
LOAD build/fmc.o
LOAD build/ltdc.o
LOAD build/stm32h7xx_ll_fmc.o
LOAD build/stm32h7xx_hal_sdram.o
LOAD build/stm32h7xx_hal_ltdc.o
LOAD build/stm32h7xx_hal_ltdc_ex.o
LOAD build/stm32h7xx_hal_dsi.o
LOAD build/dma2d.o
LOAD build/stm32h7xx_hal_dma2d.o
LOAD build/dma.o
LOAD build/tim.o
LOAD build/startup_stm32h743xx.o
LOAD d:/rm/arm-gnu-toolchian/bin/../lib/gcc/arm-none-eabi/10.3.1/../../../../arm-none-eabi/lib/thumb/v7e-m+dp/hard\libc_nano.a
LOAD d:/rm/arm-gnu-toolchian/bin/../lib/gcc/arm-none-eabi/10.3.1/../../../../arm-none-eabi/lib/thumb/v7e-m+dp/hard\libm.a
LOAD d:/rm/arm-gnu-toolchian/bin/../lib/gcc/arm-none-eabi/10.3.1/../../../../arm-none-eabi/lib/thumb/v7e-m+dp/hard\libnosys.a
START GROUP
LOAD d:/rm/arm-gnu-toolchian/bin/../lib/gcc/arm-none-eabi/10.3.1/thumb/v7e-m+dp/hard\libgcc.a
LOAD d:/rm/arm-gnu-toolchian/bin/../lib/gcc/arm-none-eabi/10.3.1/../../../../arm-none-eabi/lib/thumb/v7e-m+dp/hard\libc_nano.a
END GROUP
START GROUP
LOAD d:/rm/arm-gnu-toolchian/bin/../lib/gcc/arm-none-eabi/10.3.1/thumb/v7e-m+dp/hard\libgcc.a
LOAD d:/rm/arm-gnu-toolchian/bin/../lib/gcc/arm-none-eabi/10.3.1/../../../../arm-none-eabi/lib/thumb/v7e-m+dp/hard\libc_nano.a
END GROUP
LOAD d:/rm/arm-gnu-toolchian/bin/../lib/gcc/arm-none-eabi/10.3.1/thumb/v7e-m+dp/hard/crtend.o
LOAD d:/rm/arm-gnu-toolchian/bin/../lib/gcc/arm-none-eabi/10.3.1/thumb/v7e-m+dp/hard/crtn.o
                0x20020000                _estack = (ORIGIN (DTCMRAM) + LENGTH (DTCMRAM))
                0x00002000                _Min_Heap_Size = 0x2000
                0x00004000                _Min_Stack_Size = 0x4000

.my_section     0x24000000     0x1000
                0x24000000                . = ALIGN (0x4)
 *(.my_section)
 .my_section    0x24000000     0x1000 build/bsp_usart.o
                0x24001000                . = ALIGN (0x4)

.isr_vector     0x08000000      0x298
                0x08000000                . = ALIGN (0x4)
 *(.isr_vector)
 .isr_vector    0x08000000      0x298 build/startup_stm32h743xx.o
                0x08000000                g_pfnVectors
                0x08000298                . = ALIGN (0x4)

.text           0x080002a0     0xc280
                0x080002a0                . = ALIGN (0x4)
 *(.text)
 .text          0x080002a0       0x40 d:/rm/arm-gnu-toolchian/bin/../lib/gcc/arm-none-eabi/10.3.1/thumb/v7e-m+dp/hard/crtbegin.o
 .text          0x080002e0       0x14 d:/rm/arm-gnu-toolchian/bin/../lib/gcc/arm-none-eabi/10.3.1/../../../../arm-none-eabi/lib/thumb/v7e-m+dp/hard\libc_nano.a(lib_a-strcmp.o)
                0x080002e0                strcmp
 .text          0x080002f4       0x30 d:/rm/arm-gnu-toolchian/bin/../lib/gcc/arm-none-eabi/10.3.1/thumb/v7e-m+dp/hard\libgcc.a(_aeabi_uldivmod.o)
                0x080002f4                __aeabi_uldivmod
 .text          0x08000324      0x2d0 d:/rm/arm-gnu-toolchian/bin/../lib/gcc/arm-none-eabi/10.3.1/thumb/v7e-m+dp/hard\libgcc.a(_udivmoddi4.o)
                0x08000324                __udivmoddi4
 .text          0x080005f4        0x4 d:/rm/arm-gnu-toolchian/bin/../lib/gcc/arm-none-eabi/10.3.1/thumb/v7e-m+dp/hard\libgcc.a(_dvmd_tls.o)
                0x080005f4                __aeabi_idiv0
                0x080005f4                __aeabi_ldiv0
 *(.text*)
 .text.MPU_Config
                0x080005f8       0x78 build/main.o
 .text.HAL_TIM_PeriodElapsedCallback
                0x08000670       0x18 build/main.o
                0x08000670                HAL_TIM_PeriodElapsedCallback
 .text.Error_Handler
                0x08000688        0x4 build/main.o
                0x08000688                Error_Handler
 .text.SystemClock_Config
                0x0800068c      0x118 build/main.o
                0x0800068c                SystemClock_Config
 .text.main     0x080007a4      0x100 build/main.o
                0x080007a4                main
 .text.MX_GPIO_Init
                0x080008a4      0x210 build/gpio.o
                0x080008a4                MX_GPIO_Init
 .text.MX_UART5_Init
                0x08000ab4       0x68 build/usart.o
                0x08000ab4                MX_UART5_Init
 .text.MX_USART2_UART_Init
                0x08000b1c       0x68 build/usart.o
                0x08000b1c                MX_USART2_UART_Init
 .text.MX_USART6_UART_Init
                0x08000b84       0x68 build/usart.o
                0x08000b84                MX_USART6_UART_Init
 .text.HAL_UART_MspInit
                0x08000bec      0x260 build/usart.o
                0x08000bec                HAL_UART_MspInit
 .text.NMI_Handler
                0x08000e4c        0x2 build/stm32h7xx_it.o
                0x08000e4c                NMI_Handler
 .text.HardFault_Handler
                0x08000e4e        0x2 build/stm32h7xx_it.o
                0x08000e4e                HardFault_Handler
 .text.MemManage_Handler
                0x08000e50        0x2 build/stm32h7xx_it.o
                0x08000e50                MemManage_Handler
 .text.BusFault_Handler
                0x08000e52        0x2 build/stm32h7xx_it.o
                0x08000e52                BusFault_Handler
 .text.UsageFault_Handler
                0x08000e54        0x2 build/stm32h7xx_it.o
                0x08000e54                UsageFault_Handler
 .text.DebugMon_Handler
                0x08000e56        0x2 build/stm32h7xx_it.o
                0x08000e56                DebugMon_Handler
 .text.DMA1_Stream0_IRQHandler
                0x08000e58       0x10 build/stm32h7xx_it.o
                0x08000e58                DMA1_Stream0_IRQHandler
 .text.DMA1_Stream1_IRQHandler
                0x08000e68       0x10 build/stm32h7xx_it.o
                0x08000e68                DMA1_Stream1_IRQHandler
 .text.FDCAN1_IT0_IRQHandler
                0x08000e78       0x10 build/stm32h7xx_it.o
                0x08000e78                FDCAN1_IT0_IRQHandler
 .text.FDCAN1_IT1_IRQHandler
                0x08000e88       0x10 build/stm32h7xx_it.o
                0x08000e88                FDCAN1_IT1_IRQHandler
 .text.TIM1_UP_IRQHandler
                0x08000e98       0x10 build/stm32h7xx_it.o
                0x08000e98                TIM1_UP_IRQHandler
 .text.USART2_IRQHandler
                0x08000ea8       0x10 build/stm32h7xx_it.o
                0x08000ea8                USART2_IRQHandler
 .text.UART5_IRQHandler
                0x08000eb8       0x10 build/stm32h7xx_it.o
                0x08000eb8                UART5_IRQHandler
 .text.USART6_IRQHandler
                0x08000ec8       0x10 build/stm32h7xx_it.o
                0x08000ec8                USART6_IRQHandler
 .text.HAL_MspInit
                0x08000ed8       0x34 build/stm32h7xx_hal_msp.o
                0x08000ed8                HAL_MspInit
 .text.MX_CRC_Init
                0x08000f0c       0x2c build/crc.o
                0x08000f0c                MX_CRC_Init
 .text.HAL_CRC_MspInit
                0x08000f38       0x30 build/crc.o
                0x08000f38                HAL_CRC_MspInit
 .text.MX_RNG_Init
                0x08000f68       0x24 build/rng.o
                0x08000f68                MX_RNG_Init
 .text.HAL_RNG_MspInit
                0x08000f8c       0x58 build/rng.o
                0x08000f8c                HAL_RNG_MspInit
 .text.MX_RTC_Init
                0x08000fe4       0x34 build/rtc.o
                0x08000fe4                MX_RTC_Init
 .text.HAL_RTC_MspInit
                0x08001018       0x50 build/rtc.o
                0x08001018                HAL_RTC_MspInit
 .text.HAL_NVIC_SetPriorityGrouping
                0x08001068       0x24 build/stm32h7xx_hal_cortex.o
                0x08001068                HAL_NVIC_SetPriorityGrouping
 .text.HAL_NVIC_SetPriority
                0x0800108c       0x6c build/stm32h7xx_hal_cortex.o
                0x0800108c                HAL_NVIC_SetPriority
 .text.HAL_NVIC_EnableIRQ
                0x080010f8       0x1c build/stm32h7xx_hal_cortex.o
                0x080010f8                HAL_NVIC_EnableIRQ
 .text.HAL_MPU_Disable
                0x08001114       0x1c build/stm32h7xx_hal_cortex.o
                0x08001114                HAL_MPU_Disable
 .text.HAL_MPU_Enable
                0x08001130       0x20 build/stm32h7xx_hal_cortex.o
                0x08001130                HAL_MPU_Enable
 .text.HAL_MPU_ConfigRegion
                0x08001150       0x58 build/stm32h7xx_hal_cortex.o
                0x08001150                HAL_MPU_ConfigRegion
 .text.HAL_RCC_OscConfig
                0x080011a8      0x6b4 build/stm32h7xx_hal_rcc.o
                0x080011a8                HAL_RCC_OscConfig
 .text.HAL_RCC_GetSysClockFreq
                0x0800185c      0x1f4 build/stm32h7xx_hal_rcc.o
                0x0800185c                HAL_RCC_GetSysClockFreq
 .text.HAL_RCC_ClockConfig
                0x08001a50      0x294 build/stm32h7xx_hal_rcc.o
                0x08001a50                HAL_RCC_ClockConfig
 .text.HAL_RCC_GetHCLKFreq
                0x08001ce4       0x44 build/stm32h7xx_hal_rcc.o
                0x08001ce4                HAL_RCC_GetHCLKFreq
 .text.HAL_RCC_GetPCLK1Freq
                0x08001d28       0x24 build/stm32h7xx_hal_rcc.o
                0x08001d28                HAL_RCC_GetPCLK1Freq
 .text.HAL_RCC_GetPCLK2Freq
                0x08001d4c       0x24 build/stm32h7xx_hal_rcc.o
                0x08001d4c                HAL_RCC_GetPCLK2Freq
 .text.HAL_RCC_GetClockConfig
                0x08001d70       0x54 build/stm32h7xx_hal_rcc.o
                0x08001d70                HAL_RCC_GetClockConfig
 .text.RCCEx_PLL2_Config
                0x08001dc4      0x10c build/stm32h7xx_hal_rcc_ex.o
 .text.RCCEx_PLL3_Config
                0x08001ed0      0x10c build/stm32h7xx_hal_rcc_ex.o
 .text.HAL_RCCEx_PeriphCLKConfig
                0x08001fdc      0xa8c build/stm32h7xx_hal_rcc_ex.o
                0x08001fdc                HAL_RCCEx_PeriphCLKConfig
 .text.HAL_RCCEx_GetD3PCLK1Freq
                0x08002a68       0x24 build/stm32h7xx_hal_rcc_ex.o
                0x08002a68                HAL_RCCEx_GetD3PCLK1Freq
 .text.HAL_RCCEx_GetPLL2ClockFreq
                0x08002a8c      0x1f8 build/stm32h7xx_hal_rcc_ex.o
                0x08002a8c                HAL_RCCEx_GetPLL2ClockFreq
 .text.HAL_RCCEx_GetPLL3ClockFreq
                0x08002c84      0x1f8 build/stm32h7xx_hal_rcc_ex.o
                0x08002c84                HAL_RCCEx_GetPLL3ClockFreq
 .text.HAL_GPIO_Init
                0x08002e7c      0x220 build/stm32h7xx_hal_gpio.o
                0x08002e7c                HAL_GPIO_Init
 .text.HAL_GPIO_WritePin
                0x0800309c        0xc build/stm32h7xx_hal_gpio.o
                0x0800309c                HAL_GPIO_WritePin
 .text.DMA_SetConfig
                0x080030a8      0x1b4 build/stm32h7xx_hal_dma.o
 .text.DMA_CalcBaseAndBitshift
                0x0800325c       0xb4 build/stm32h7xx_hal_dma.o
 .text.DMA_CheckFifoParam
                0x08003310       0x92 build/stm32h7xx_hal_dma.o
 *fill*         0x080033a2        0x2 
 .text.DMA_CalcDMAMUXChannelBaseAndMask
                0x080033a4       0xb0 build/stm32h7xx_hal_dma.o
 .text.DMA_CalcDMAMUXRequestGenBaseAndMask
                0x08003454       0x7c build/stm32h7xx_hal_dma.o
 .text.HAL_DMA_Init
                0x080034d0      0x3a4 build/stm32h7xx_hal_dma.o
                0x080034d0                HAL_DMA_Init
 .text.HAL_DMA_Start_IT
                0x08003874      0x298 build/stm32h7xx_hal_dma.o
                0x08003874                HAL_DMA_Start_IT
 .text.HAL_DMA_Abort
                0x08003b0c      0x340 build/stm32h7xx_hal_dma.o
                0x08003b0c                HAL_DMA_Abort
 .text.HAL_DMA_Abort_IT
                0x08003e4c      0x270 build/stm32h7xx_hal_dma.o
                0x08003e4c                HAL_DMA_Abort_IT
 .text.HAL_DMA_IRQHandler
                0x080040bc      0x738 build/stm32h7xx_hal_dma.o
                0x080040bc                HAL_DMA_IRQHandler
 .text.HAL_DMA_GetError
                0x080047f4        0x4 build/stm32h7xx_hal_dma.o
                0x080047f4                HAL_DMA_GetError
 .text.HAL_PWREx_ConfigSupply
                0x080047f8       0x54 build/stm32h7xx_hal_pwr_ex.o
                0x080047f8                HAL_PWREx_ConfigSupply
 .text.HAL_Init
                0x0800484c       0x5c build/stm32h7xx_hal.o
                0x0800484c                HAL_Init
 .text.HAL_IncTick
                0x080048a8       0x18 build/stm32h7xx_hal.o
                0x080048a8                HAL_IncTick
 .text.HAL_GetTick
                0x080048c0        0xc build/stm32h7xx_hal.o
                0x080048c0                HAL_GetTick
 .text.HAL_Delay
                0x080048cc       0x28 build/stm32h7xx_hal.o
                0x080048cc                HAL_Delay
 .text.HAL_GetREVID
                0x080048f4        0xc build/stm32h7xx_hal.o
                0x080048f4                HAL_GetREVID
 .text.TIM_OC1_SetConfig
                0x08004900       0xa8 build/stm32h7xx_hal_tim.o
 .text.TIM_OC3_SetConfig
                0x080049a8       0x94 build/stm32h7xx_hal_tim.o
 .text.TIM_OC4_SetConfig
                0x08004a3c       0x74 build/stm32h7xx_hal_tim.o
 .text.TIM_OC5_SetConfig
                0x08004ab0       0x74 build/stm32h7xx_hal_tim.o
 .text.TIM_OC6_SetConfig
                0x08004b24       0x74 build/stm32h7xx_hal_tim.o
 .text.TIM_TI1_ConfigInputStage
                0x08004b98       0x26 build/stm32h7xx_hal_tim.o
 .text.TIM_TI2_ConfigInputStage
                0x08004bbe       0x28 build/stm32h7xx_hal_tim.o
 *fill*         0x08004be6        0x2 
 .text.TIM_ITRx_SetConfig
                0x08004be8       0x14 build/stm32h7xx_hal_tim.o
 .text.HAL_TIM_Base_Start_IT
                0x08004bfc       0x90 build/stm32h7xx_hal_tim.o
                0x08004bfc                HAL_TIM_Base_Start_IT
 .text.HAL_TIM_PWM_MspInit
                0x08004c8c        0x2 build/stm32h7xx_hal_tim.o
                0x08004c8c                HAL_TIM_PWM_MspInit
 .text.HAL_TIM_OC_DelayElapsedCallback
                0x08004c8e        0x2 build/stm32h7xx_hal_tim.o
                0x08004c8e                HAL_TIM_OC_DelayElapsedCallback
 .text.HAL_TIM_IC_CaptureCallback
                0x08004c90        0x2 build/stm32h7xx_hal_tim.o
                0x08004c90                HAL_TIM_IC_CaptureCallback
 .text.HAL_TIM_PWM_PulseFinishedCallback
                0x08004c92        0x2 build/stm32h7xx_hal_tim.o
                0x08004c92                HAL_TIM_PWM_PulseFinishedCallback
 .text.HAL_TIM_TriggerCallback
                0x08004c94        0x2 build/stm32h7xx_hal_tim.o
                0x08004c94                HAL_TIM_TriggerCallback
 .text.HAL_TIM_IRQHandler
                0x08004c96      0x17a build/stm32h7xx_hal_tim.o
                0x08004c96                HAL_TIM_IRQHandler
 .text.TIM_Base_SetConfig
                0x08004e10      0x114 build/stm32h7xx_hal_tim.o
                0x08004e10                TIM_Base_SetConfig
 .text.HAL_TIM_Base_Init
                0x08004f24       0x60 build/stm32h7xx_hal_tim.o
                0x08004f24                HAL_TIM_Base_Init
 .text.HAL_TIM_PWM_Init
                0x08004f84       0x60 build/stm32h7xx_hal_tim.o
                0x08004f84                HAL_TIM_PWM_Init
 .text.TIM_OC2_SetConfig
                0x08004fe4       0x94 build/stm32h7xx_hal_tim.o
                0x08004fe4                TIM_OC2_SetConfig
 .text.HAL_TIM_PWM_ConfigChannel
                0x08005078      0x13a build/stm32h7xx_hal_tim.o
                0x08005078                HAL_TIM_PWM_ConfigChannel
 .text.TIM_ETR_SetConfig
                0x080051b2       0x1a build/stm32h7xx_hal_tim.o
                0x080051b2                TIM_ETR_SetConfig
 .text.HAL_TIM_ConfigClockSource
                0x080051cc      0x138 build/stm32h7xx_hal_tim.o
                0x080051cc                HAL_TIM_ConfigClockSource
 .text.TIM_SlaveTimer_SetConfig
                0x08005304      0x150 build/stm32h7xx_hal_tim.o
 .text.HAL_TIM_SlaveConfigSynchro
                0x08005454       0x52 build/stm32h7xx_hal_tim.o
                0x08005454                HAL_TIM_SlaveConfigSynchro
 *fill*         0x080054a6        0x2 
 .text.HAL_TIMEx_MasterConfigSynchronization
                0x080054a8       0xa0 build/stm32h7xx_hal_tim_ex.o
                0x080054a8                HAL_TIMEx_MasterConfigSynchronization
 .text.HAL_TIMEx_ConfigBreakDeadTime
                0x08005548       0x90 build/stm32h7xx_hal_tim_ex.o
                0x08005548                HAL_TIMEx_ConfigBreakDeadTime
 .text.HAL_TIMEx_CommutCallback
                0x080055d8        0x2 build/stm32h7xx_hal_tim_ex.o
                0x080055d8                HAL_TIMEx_CommutCallback
 .text.HAL_TIMEx_BreakCallback
                0x080055da        0x2 build/stm32h7xx_hal_tim_ex.o
                0x080055da                HAL_TIMEx_BreakCallback
 .text.HAL_TIMEx_Break2Callback
                0x080055dc        0x2 build/stm32h7xx_hal_tim_ex.o
                0x080055dc                HAL_TIMEx_Break2Callback
 .text.UART_EndTxTransfer
                0x080055de       0x32 build/stm32h7xx_hal_uart.o
 .text.UART_EndRxTransfer
                0x08005610       0x58 build/stm32h7xx_hal_uart.o
 .text.HAL_UART_AbortReceive
                0x08005668       0xb8 build/stm32h7xx_hal_uart.o
                0x08005668                HAL_UART_AbortReceive
 .text.HAL_UART_TxCpltCallback
                0x08005720        0x2 build/stm32h7xx_hal_uart.o
                0x08005720                HAL_UART_TxCpltCallback
 .text.UART_EndTransmit_IT
                0x08005722       0x24 build/stm32h7xx_hal_uart.o
 .text.HAL_UART_RxCpltCallback
                0x08005746        0x2 build/stm32h7xx_hal_uart.o
                0x08005746                HAL_UART_RxCpltCallback
 .text.HAL_UART_RxHalfCpltCallback
                0x08005748        0x2 build/stm32h7xx_hal_uart.o
                0x08005748                HAL_UART_RxHalfCpltCallback
 .text.UART_DMAError
                0x0800574a       0x58 build/stm32h7xx_hal_uart.o
 .text.UART_DMAAbortOnError
                0x080057a2       0x14 build/stm32h7xx_hal_uart.o
 *fill*         0x080057b6        0x2 
 .text.HAL_UART_IRQHandler
                0x080057b8      0x3b8 build/stm32h7xx_hal_uart.o
                0x080057b8                HAL_UART_IRQHandler
 .text.UART_DMARxHalfCplt
                0x08005b70       0x20 build/stm32h7xx_hal_uart.o
 .text.UART_DMAReceiveCplt
                0x08005b90       0x90 build/stm32h7xx_hal_uart.o
 .text.HAL_UART_GetError
                0x08005c20        0x6 build/stm32h7xx_hal_uart.o
                0x08005c20                HAL_UART_GetError
 *fill*         0x08005c26        0x2 
 .text.UART_SetConfig
                0x08005c28      0x5f4 build/stm32h7xx_hal_uart.o
                0x08005c28                UART_SetConfig
 .text.UART_AdvFeatureConfig
                0x0800621c       0xca build/stm32h7xx_hal_uart.o
                0x0800621c                UART_AdvFeatureConfig
 .text.UART_WaitOnFlagUntilTimeout
                0x080062e6       0xaa build/stm32h7xx_hal_uart.o
                0x080062e6                UART_WaitOnFlagUntilTimeout
 .text.UART_CheckIdleState
                0x08006390       0xca build/stm32h7xx_hal_uart.o
                0x08006390                UART_CheckIdleState
 .text.HAL_UART_Init
                0x0800645a       0x66 build/stm32h7xx_hal_uart.o
                0x0800645a                HAL_UART_Init
 .text.UART_Start_Receive_DMA
                0x080064c0       0xb0 build/stm32h7xx_hal_uart.o
                0x080064c0                UART_Start_Receive_DMA
 .text.UARTEx_SetNbDataToProcess
                0x08006570       0x4c build/stm32h7xx_hal_uart_ex.o
 .text.HAL_UARTEx_WakeupCallback
                0x080065bc        0x2 build/stm32h7xx_hal_uart_ex.o
                0x080065bc                HAL_UARTEx_WakeupCallback
 .text.HAL_UARTEx_RxFifoFullCallback
                0x080065be        0x2 build/stm32h7xx_hal_uart_ex.o
                0x080065be                HAL_UARTEx_RxFifoFullCallback
 .text.HAL_UARTEx_TxFifoEmptyCallback
                0x080065c0        0x2 build/stm32h7xx_hal_uart_ex.o
                0x080065c0                HAL_UARTEx_TxFifoEmptyCallback
 .text.HAL_UARTEx_DisableFifoMode
                0x080065c2       0x3e build/stm32h7xx_hal_uart_ex.o
                0x080065c2                HAL_UARTEx_DisableFifoMode
 .text.HAL_UARTEx_SetTxFifoThreshold
                0x08006600       0x4a build/stm32h7xx_hal_uart_ex.o
                0x08006600                HAL_UARTEx_SetTxFifoThreshold
 .text.HAL_UARTEx_SetRxFifoThreshold
                0x0800664a       0x4a build/stm32h7xx_hal_uart_ex.o
                0x0800664a                HAL_UARTEx_SetRxFifoThreshold
 .text.HAL_UARTEx_ReceiveToIdle_DMA
                0x08006694       0x50 build/stm32h7xx_hal_uart_ex.o
                0x08006694                HAL_UARTEx_ReceiveToIdle_DMA
 .text.HAL_CRC_Init
                0x080066e4       0x80 build/stm32h7xx_hal_crc.o
                0x080066e4                HAL_CRC_Init
 .text.HAL_CRCEx_Polynomial_Set
                0x08006764       0x78 build/stm32h7xx_hal_crc_ex.o
                0x08006764                HAL_CRCEx_Polynomial_Set
 .text.HAL_RNG_Init
                0x080067dc       0x80 build/stm32h7xx_hal_rng.o
                0x080067dc                HAL_RNG_Init
 .text.HAL_RTC_WaitForSynchro
                0x0800685c       0x34 build/stm32h7xx_hal_rtc.o
                0x0800685c                HAL_RTC_WaitForSynchro
 .text.RTC_EnterInitMode
                0x08006890       0x44 build/stm32h7xx_hal_rtc.o
                0x08006890                RTC_EnterInitMode
 .text.RTC_ExitInitMode
                0x080068d4       0x50 build/stm32h7xx_hal_rtc.o
                0x080068d4                RTC_ExitInitMode
 .text.HAL_RTC_Init
                0x08006924       0xa4 build/stm32h7xx_hal_rtc.o
                0x08006924                HAL_RTC_Init
 .text.arm_cos_f32
                0x080069c8       0x98 build/FastMathFunctions.o
                0x080069c8                arm_cos_f32
 .text.arm_sin_f32
                0x08006a60       0x90 build/FastMathFunctions.o
                0x08006a60                arm_sin_f32
 .text.SystemInit
                0x08006af0       0xcc build/system_stm32h7xx.o
                0x08006af0                SystemInit
 .text._sbrk    0x08006bbc       0x48 build/sysmem.o
                0x08006bbc                _sbrk
 .text.MX_FDCAN1_Init
                0x08006c04       0x68 build/fdcan.o
                0x08006c04                MX_FDCAN1_Init
 .text.MX_FDCAN2_Init
                0x08006c6c       0x60 build/fdcan.o
                0x08006c6c                MX_FDCAN2_Init
 .text.HAL_FDCAN_MspInit
                0x08006ccc      0x150 build/fdcan.o
                0x08006ccc                HAL_FDCAN_MspInit
 .text.FDCAN_CalcultateRamBlockAddresses
                0x08006e1c      0x1d4 build/stm32h7xx_hal_fdcan.o
 .text.FDCAN_CopyMessageToRAM
                0x08006ff0       0x8c build/stm32h7xx_hal_fdcan.o
 .text.HAL_FDCAN_Init
                0x0800707c      0x294 build/stm32h7xx_hal_fdcan.o
                0x0800707c                HAL_FDCAN_Init
 .text.HAL_FDCAN_ConfigFilter
                0x08007310       0x88 build/stm32h7xx_hal_fdcan.o
                0x08007310                HAL_FDCAN_ConfigFilter
 .text.HAL_FDCAN_Start
                0x08007398       0x34 build/stm32h7xx_hal_fdcan.o
                0x08007398                HAL_FDCAN_Start
 .text.HAL_FDCAN_AddMessageToTxFifoQ
                0x080073cc       0x76 build/stm32h7xx_hal_fdcan.o
                0x080073cc                HAL_FDCAN_AddMessageToTxFifoQ
 *fill*         0x08007442        0x2 
 .text.HAL_FDCAN_GetRxMessage
                0x08007444      0x1e8 build/stm32h7xx_hal_fdcan.o
                0x08007444                HAL_FDCAN_GetRxMessage
 .text.HAL_FDCAN_GetRxFifoFillLevel
                0x0800762c       0x1c build/stm32h7xx_hal_fdcan.o
                0x0800762c                HAL_FDCAN_GetRxFifoFillLevel
 .text.HAL_FDCAN_GetTxFifoFreeLevel
                0x08007648        0xc build/stm32h7xx_hal_fdcan.o
                0x08007648                HAL_FDCAN_GetTxFifoFreeLevel
 .text.HAL_FDCAN_ActivateNotification
                0x08007654       0x90 build/stm32h7xx_hal_fdcan.o
                0x08007654                HAL_FDCAN_ActivateNotification
 .text.HAL_FDCAN_ClockCalibrationCallback
                0x080076e4        0x2 build/stm32h7xx_hal_fdcan.o
                0x080076e4                HAL_FDCAN_ClockCalibrationCallback
 .text.HAL_FDCAN_TxEventFifoCallback
                0x080076e6        0x2 build/stm32h7xx_hal_fdcan.o
                0x080076e6                HAL_FDCAN_TxEventFifoCallback
 .text.HAL_FDCAN_TxFifoEmptyCallback
                0x080076e8        0x2 build/stm32h7xx_hal_fdcan.o
                0x080076e8                HAL_FDCAN_TxFifoEmptyCallback
 .text.HAL_FDCAN_TxBufferCompleteCallback
                0x080076ea        0x2 build/stm32h7xx_hal_fdcan.o
                0x080076ea                HAL_FDCAN_TxBufferCompleteCallback
 .text.HAL_FDCAN_TxBufferAbortCallback
                0x080076ec        0x2 build/stm32h7xx_hal_fdcan.o
                0x080076ec                HAL_FDCAN_TxBufferAbortCallback
 .text.HAL_FDCAN_RxBufferNewMessageCallback
                0x080076ee        0x2 build/stm32h7xx_hal_fdcan.o
                0x080076ee                HAL_FDCAN_RxBufferNewMessageCallback
 .text.HAL_FDCAN_TimestampWraparoundCallback
                0x080076f0        0x2 build/stm32h7xx_hal_fdcan.o
                0x080076f0                HAL_FDCAN_TimestampWraparoundCallback
 .text.HAL_FDCAN_TimeoutOccurredCallback
                0x080076f2        0x2 build/stm32h7xx_hal_fdcan.o
                0x080076f2                HAL_FDCAN_TimeoutOccurredCallback
 .text.HAL_FDCAN_HighPriorityMessageCallback
                0x080076f4        0x2 build/stm32h7xx_hal_fdcan.o
                0x080076f4                HAL_FDCAN_HighPriorityMessageCallback
 .text.HAL_FDCAN_ErrorCallback
                0x080076f6        0x2 build/stm32h7xx_hal_fdcan.o
                0x080076f6                HAL_FDCAN_ErrorCallback
 .text.HAL_FDCAN_ErrorStatusCallback
                0x080076f8        0x2 build/stm32h7xx_hal_fdcan.o
                0x080076f8                HAL_FDCAN_ErrorStatusCallback
 .text.HAL_FDCAN_TT_ScheduleSyncCallback
                0x080076fa        0x2 build/stm32h7xx_hal_fdcan.o
                0x080076fa                HAL_FDCAN_TT_ScheduleSyncCallback
 .text.HAL_FDCAN_TT_TimeMarkCallback
                0x080076fc        0x2 build/stm32h7xx_hal_fdcan.o
                0x080076fc                HAL_FDCAN_TT_TimeMarkCallback
 .text.HAL_FDCAN_TT_StopWatchCallback
                0x080076fe        0x2 build/stm32h7xx_hal_fdcan.o
                0x080076fe                HAL_FDCAN_TT_StopWatchCallback
 .text.HAL_FDCAN_TT_GlobalTimeCallback
                0x08007700        0x2 build/stm32h7xx_hal_fdcan.o
                0x08007700                HAL_FDCAN_TT_GlobalTimeCallback
 *fill*         0x08007702        0x2 
 .text.HAL_FDCAN_IRQHandler
                0x08007704      0x31c build/stm32h7xx_hal_fdcan.o
                0x08007704                HAL_FDCAN_IRQHandler
 .text.my_malloc
                0x08007a20       0x20 build/bsp_usart.o
                0x08007a20                my_malloc
 .text.USARTServiceInit
                0x08007a40       0x94 build/bsp_usart.o
                0x08007a40                USARTServiceInit
 .text.USARTRegister
                0x08007ad4       0x70 build/bsp_usart.o
                0x08007ad4                USARTRegister
 .text.HAL_UARTEx_RxEventCallback
                0x08007b44       0xc8 build/bsp_usart.o
                0x08007b44                HAL_UARTEx_RxEventCallback
 .text.HAL_UART_ErrorCallback
                0x08007c0c       0x70 build/bsp_usart.o
                0x08007c0c                HAL_UART_ErrorCallback
 .text.CANServiceInit
                0x08007c7c       0x24 build/bsp_can.o
 .text.CANAddFilter
                0x08007ca0       0x60 build/bsp_can.o
 .text.CANFIFOxCallback
                0x08007d00       0x74 build/bsp_can.o
 .text.CANRegister
                0x08007d74       0x98 build/bsp_can.o
                0x08007d74                CANRegister
 .text.CANTransmit
                0x08007e0c       0x74 build/bsp_can.o
                0x08007e0c                CANTransmit
 .text.HAL_FDCAN_RxFifo0Callback
                0x08007e80        0xa build/bsp_can.o
                0x08007e80                HAL_FDCAN_RxFifo0Callback
 .text.HAL_FDCAN_RxFifo1Callback
                0x08007e8a        0xa build/bsp_can.o
                0x08007e8a                HAL_FDCAN_RxFifo1Callback
 .text.DWT_CNT_Update
                0x08007e94       0x4c build/bsp_dwt.o
 .text.DWT_Init
                0x08007ee0       0x70 build/bsp_dwt.o
                0x08007ee0                DWT_Init
 .text.DWT_GetDeltaT
                0x08007f50       0x48 build/bsp_dwt.o
                0x08007f50                DWT_GetDeltaT
 .text.DWT_SysTimeUpdate
                0x08007f98       0xcc build/bsp_dwt.o
                0x08007f98                DWT_SysTimeUpdate
 .text.DWT_GetTimeline_ms
                0x08008064       0x3c build/bsp_dwt.o
                0x08008064                DWT_GetTimeline_ms
 .text.DaemonRegister
                0x080080a0       0x3c build/daemon.o
                0x080080a0                DaemonRegister
 .text.DaemonReload
                0x080080dc        0x6 build/daemon.o
                0x080080dc                DaemonReload
 *fill*         0x080080e2        0x2 
 .text.DaemonTask
                0x080080e4       0x34 build/daemon.o
                0x080080e4                DaemonTask
 .text.f_Trapezoid_Intergral
                0x08008118       0x2a build/controller.o
 .text.f_Changing_Integration_Rate
                0x08008142       0x66 build/controller.o
 .text.f_Integral_Limit
                0x080081a8       0x94 build/controller.o
 .text.f_Derivative_On_Measurement
                0x0800823c       0x22 build/controller.o
 .text.f_Derivative_Filter
                0x0800825e       0x2e build/controller.o
 .text.f_Output_Filter
                0x0800828c       0x2e build/controller.o
 .text.f_Output_Limit
                0x080082ba       0x3c build/controller.o
 *fill*         0x080082f6        0x2 
 .text.f_PID_ErrorHandle
                0x080082f8       0x90 build/controller.o
 .text.PIDInit  0x08008388       0x4a build/controller.o
                0x08008388                PIDInit
 .text.PIDCalculate
                0x080083d2      0x140 build/controller.o
                0x080083d2                PIDCalculate
 *fill*         0x08008512        0x2 
 .text.LCD_GPIO_Init
                0x08008514       0x54 build/lcd_rgb.o
                0x08008514                LCD_GPIO_Init
 .text.LCD_SetLayer
                0x08008568       0x34 build/lcd_rgb.o
                0x08008568                LCD_SetLayer
 .text.LCD_SetColor
                0x0800859c       0x90 build/lcd_rgb.o
                0x0800859c                LCD_SetColor
 .text.LCD_SetBackColor
                0x0800862c       0x90 build/lcd_rgb.o
                0x0800862c                LCD_SetBackColor
 .text.LCD_SetFont
                0x080086bc        0xc build/lcd_rgb.o
                0x080086bc                LCD_SetFont
 .text.LCD_DisplayDirection
                0x080086c8        0xc build/lcd_rgb.o
                0x080086c8                LCD_DisplayDirection
 .text.LCD_Clear
                0x080086d4       0x54 build/lcd_rgb.o
                0x080086d4                LCD_Clear
 .text.LCD_ShowNumMode
                0x08008728        0xc build/lcd_rgb.o
                0x08008728                LCD_ShowNumMode
 .text.LCD_RGB_Init
                0x08008734       0xe8 build/lcd_rgb.o
                0x08008734                LCD_RGB_Init
 .text.SDRAM_Initialization_Sequence
                0x0800881c       0x9c build/sdram.o
                0x0800881c                SDRAM_Initialization_Sequence
 .text.OPS_data_process
                0x080088b8       0x9c build/ops.o
 .text.OpsLostCallback
                0x08008954       0x28 build/ops.o
 .text.OPSRxCallback
                0x0800897c       0x5c build/ops.o
 .text.Ops_Init
                0x080089d8       0x54 build/ops.o
                0x080089d8                Ops_Init
 .text.MotorSenderGrouping
                0x08008a2c      0x118 build/DJI_motor.o
 .text.DJIMotorLostCallback
                0x08008b44        0x2 build/DJI_motor.o
 *fill*         0x08008b46        0x2 
 .text.DecodeDJIMotor
                0x08008b48      0x108 build/DJI_motor.o
 .text.DJIMotorInit
                0x08008c50       0xc0 build/DJI_motor.o
                0x08008c50                DJIMotorInit
 .text.DJIMotorStop
                0x08008d10        0x8 build/DJI_motor.o
                0x08008d10                DJIMotorStop
 .text.DJIMotorEnable
                0x08008d18        0x8 build/DJI_motor.o
                0x08008d18                DJIMotorEnable
 .text.DJIMotorSetRef
                0x08008d20        0x6 build/DJI_motor.o
                0x08008d20                DJIMotorSetRef
 *fill*         0x08008d26        0x2 
 .text.DJIMotorControl
                0x08008d28      0x1b0 build/DJI_motor.o
                0x08008d28                DJIMotorControl
 .text.MotorControlTask
                0x08008ed8        0x8 build/motor_task.o
                0x08008ed8                MotorControlTask
 .text.CheckLen
                0x08008ee0        0x8 build/message_center.o
 .text.CheckName
                0x08008ee8       0x10 build/message_center.o
 .text.PubRegister
                0x08008ef8       0x60 build/message_center.o
                0x08008ef8                PubRegister
 .text.SubRegister
                0x08008f58       0x42 build/message_center.o
                0x08008f58                SubRegister
 .text.SubGetMessage
                0x08008f9a       0x2e build/message_center.o
                0x08008f9a                SubGetMessage
 .text.PubPushMessage
                0x08008fc8       0x4c build/message_center.o
                0x08008fc8                PubPushMessage
 .text.RobotCMDInit
                0x08009014        0x2 build/robot_cmd.o
                0x08009014                RobotCMDInit
 .text.RobotCMDTask
                0x08009016        0x2 build/robot_cmd.o
                0x08009016                RobotCMDTask
 .text.StartMOTORTASK
                0x08009018       0x34 build/robot.o
                0x08009018                StartMOTORTASK
 .text.StartDAEMONTASK
                0x0800904c       0x34 build/robot.o
                0x0800904c                StartDAEMONTASK
 .text.BSPInit  0x08009080        0xc build/robot.o
                0x08009080                BSPInit
 .text.OSTaskInit
                0x0800908c       0x84 build/robot.o
                0x0800908c                OSTaskInit
 .text.RobotInit
                0x08009110       0x18 build/robot.o
                0x08009110                RobotInit
 .text.RobotTask
                0x08009128        0xc build/robot.o
                0x08009128                RobotTask
 .text.StartROBOTTASK
                0x08009134        0xe build/robot.o
                0x08009134                StartROBOTTASK
 *fill*         0x08009142        0x2 
 .text.OmniCalculate
                0x08009144       0x6c build/chassis.o
 .text.CheckStable
                0x080091b0       0xb8 build/chassis.o
 .text.speedCalculate
                0x08009268      0x124 build/chassis.o
 .text.CoordinateTransform
                0x0800938c       0x84 build/chassis.o
 .text.LimitChassisOutput
                0x08009410       0x5c build/chassis.o
 .text.ChassisInit
                0x0800946c      0x144 build/chassis.o
                0x0800946c                ChassisInit
 .text.ChassisTask
                0x080095b0       0xdc build/chassis.o
                0x080095b0                ChassisTask
 .text.HAL_InitTick
                0x0800968c       0x90 build/stm32h7xx_hal_timebase_tim.o
                0x0800968c                HAL_InitTick
 .text.StartDefaultTask
                0x0800971c        0xa build/freertos.o
                0x0800971c                StartDefaultTask
 .text.vApplicationStackOverflowHook
                0x08009726        0x2 build/freertos.o
                0x08009726                vApplicationStackOverflowHook
 .text.vApplicationGetIdleTaskMemory
                0x08009728       0x18 build/freertos.o
                0x08009728                vApplicationGetIdleTaskMemory
 .text.vApplicationGetTimerTaskMemory
                0x08009740       0x18 build/freertos.o
                0x08009740                vApplicationGetTimerTaskMemory
 .text.MX_FREERTOS_Init
                0x08009758       0x30 build/freertos.o
                0x08009758                MX_FREERTOS_Init
 .text.vListInitialise
                0x08009788       0x16 build/list.o
                0x08009788                vListInitialise
 .text.vListInitialiseItem
                0x0800979e        0x6 build/list.o
                0x0800979e                vListInitialiseItem
 .text.vListInsertEnd
                0x080097a4       0x16 build/list.o
                0x080097a4                vListInsertEnd
 .text.vListInsert
                0x080097ba       0x32 build/list.o
                0x080097ba                vListInsert
 .text.uxListRemove
                0x080097ec       0x26 build/list.o
                0x080097ec                uxListRemove
 .text.prvIsQueueFull
                0x08009812       0x1e build/queue.o
 .text.prvIsQueueEmpty
                0x08009830       0x1a build/queue.o
 .text.prvCopyDataToQueue
                0x0800984a       0x76 build/queue.o
 .text.prvCopyDataFromQueue
                0x080098c0       0x24 build/queue.o
 .text.prvUnlockQueue
                0x080098e4       0x6e build/queue.o
 .text.xQueueGenericReset
                0x08009952       0x84 build/queue.o
                0x08009952                xQueueGenericReset
 .text.prvInitialiseNewQueue
                0x080099d6       0x1c build/queue.o
 .text.xQueueGenericCreateStatic
                0x080099f2       0xa6 build/queue.o
                0x080099f2                xQueueGenericCreateStatic
 .text.xQueueGenericSend
                0x08009a98      0x188 build/queue.o
                0x08009a98                xQueueGenericSend
 .text.xQueueGenericSendFromISR
                0x08009c20       0xce build/queue.o
                0x08009c20                xQueueGenericSendFromISR
 .text.xQueueReceive
                0x08009cee      0x15e build/queue.o
                0x08009cee                xQueueReceive
 .text.vQueueAddToRegistry
                0x08009e4c       0x28 build/queue.o
                0x08009e4c                vQueueAddToRegistry
 .text.vQueueWaitForMessageRestricted
                0x08009e74       0x52 build/queue.o
                0x08009e74                vQueueWaitForMessageRestricted
 *fill*         0x08009ec6        0x2 
 .text.prvResetNextTaskUnblockTime
                0x08009ec8       0x2c build/tasks.o
 .text.prvInitialiseNewTask
                0x08009ef4       0xa6 build/tasks.o
 *fill*         0x08009f9a        0x2 
 .text.prvInitialiseTaskLists
                0x08009f9c       0x68 build/tasks.o
 .text.prvAddNewTaskToReadyList
                0x0800a004       0xa8 build/tasks.o
 .text.prvDeleteTCB
                0x0800a0ac       0x38 build/tasks.o
 .text.prvCheckTasksWaitingTermination
                0x0800a0e4       0x4c build/tasks.o
 .text.prvIdleTask
                0x0800a130       0x28 build/tasks.o
 .text.prvAddCurrentTaskToDelayedList
                0x0800a158       0xa0 build/tasks.o
 .text.xTaskCreateStatic
                0x0800a1f8       0x76 build/tasks.o
                0x0800a1f8                xTaskCreateStatic
 .text.xTaskCreate
                0x0800a26e       0x68 build/tasks.o
                0x0800a26e                xTaskCreate
 *fill*         0x0800a2d6        0x2 
 .text.vTaskStartScheduler
                0x0800a2d8       0x9c build/tasks.o
                0x0800a2d8                vTaskStartScheduler
 .text.vTaskSuspendAll
                0x0800a374       0x10 build/tasks.o
                0x0800a374                vTaskSuspendAll
 .text.xTaskGetTickCount
                0x0800a384        0xc build/tasks.o
                0x0800a384                xTaskGetTickCount
 .text.xTaskIncrementTick
                0x0800a390      0x118 build/tasks.o
                0x0800a390                xTaskIncrementTick
 .text.xTaskResumeAll
                0x0800a4a8       0xf8 build/tasks.o
                0x0800a4a8                xTaskResumeAll
 .text.vTaskDelay
                0x0800a5a0       0x4c build/tasks.o
                0x0800a5a0                vTaskDelay
 .text.vTaskSwitchContext
                0x0800a5ec       0xcc build/tasks.o
                0x0800a5ec                vTaskSwitchContext
 .text.vTaskPlaceOnEventList
                0x0800a6b8       0x30 build/tasks.o
                0x0800a6b8                vTaskPlaceOnEventList
 .text.vTaskPlaceOnEventListRestricted
                0x0800a6e8       0x38 build/tasks.o
                0x0800a6e8                vTaskPlaceOnEventListRestricted
 .text.xTaskRemoveFromEventList
                0x0800a720       0x8c build/tasks.o
                0x0800a720                xTaskRemoveFromEventList
 .text.vTaskInternalSetTimeOutState
                0x0800a7ac       0x18 build/tasks.o
                0x0800a7ac                vTaskInternalSetTimeOutState
 .text.xTaskCheckForTimeOut
                0x0800a7c4       0x84 build/tasks.o
                0x0800a7c4                xTaskCheckForTimeOut
 .text.vTaskMissedYield
                0x0800a848        0xc build/tasks.o
                0x0800a848                vTaskMissedYield
 .text.xTaskGetSchedulerState
                0x0800a854       0x20 build/tasks.o
                0x0800a854                xTaskGetSchedulerState
 .text.xTaskPriorityDisinherit
                0x0800a874       0xb4 build/tasks.o
                0x0800a874                xTaskPriorityDisinherit
 .text.prvGetNextExpireTime
                0x0800a928       0x20 build/timers.o
 .text.prvInsertTimerInActiveList
                0x0800a948       0x50 build/timers.o
 .text.prvCheckForValidListAndQueue
                0x0800a998       0x70 build/timers.o
 .text.xTimerCreateTimerTask
                0x0800aa08       0x64 build/timers.o
                0x0800aa08                xTimerCreateTimerTask
 .text.xTimerGenericCommand
                0x0800aa6c       0x6c build/timers.o
                0x0800aa6c                xTimerGenericCommand
 .text.prvSwitchTimerLists
                0x0800aad8       0x7c build/timers.o
 .text.prvSampleTimeNow
                0x0800ab54       0x2c build/timers.o
 .text.prvProcessExpiredTimer
                0x0800ab80       0x6c build/timers.o
 .text.prvProcessTimerOrBlockTask
                0x0800abec       0x78 build/timers.o
 .text.prvProcessReceivedCommands
                0x0800ac64       0xfc build/timers.o
 .text.prvTimerTask
                0x0800ad60       0x16 build/timers.o
 .text.makeFreeRtosPriority
                0x0800ad76        0xc build/cmsis_os.o
 .text.osKernelStart
                0x0800ad82        0xa build/cmsis_os.o
                0x0800ad82                osKernelStart
 .text.osThreadCreate
                0x0800ad8c       0x6a build/cmsis_os.o
                0x0800ad8c                osThreadCreate
 .text.osDelay  0x0800adf6        0xe build/cmsis_os.o
                0x0800adf6                osDelay
 .text.prvHeapInit
                0x0800ae04       0x64 build/heap_4.o
 .text.prvInsertBlockIntoFreeList
                0x0800ae68       0x64 build/heap_4.o
 .text.pvPortMalloc
                0x0800aecc       0xfc build/heap_4.o
                0x0800aecc                pvPortMalloc
 .text.vPortFree
                0x0800afc8       0x7c build/heap_4.o
                0x0800afc8                vPortFree
 .text.prvTaskExitError
                0x0800b044       0x40 build/port.o
 .text.prvPortStartFirstTask
                0x0800b084       0x28 build/port.o
 .text.vPortEnableVFP
                0x0800b0ac       0x14 build/port.o
 .text.pxPortInitialiseStack
                0x0800b0c0       0x2c build/port.o
                0x0800b0c0                pxPortInitialiseStack
 *fill*         0x0800b0ec        0x4 
 .text.SVC_Handler
                0x0800b0f0       0x24 build/port.o
                0x0800b0f0                SVC_Handler
 .text.vPortEnterCritical
                0x0800b114       0x44 build/port.o
                0x0800b114                vPortEnterCritical
 .text.vPortExitCritical
                0x0800b158       0x2c build/port.o
                0x0800b158                vPortExitCritical
 *fill*         0x0800b184        0xc 
 .text.PendSV_Handler
                0x0800b190       0x64 build/port.o
                0x0800b190                PendSV_Handler
 .text.SysTick_Handler
                0x0800b1f4       0x2c build/port.o
                0x0800b1f4                SysTick_Handler
 .text.vPortSetupTimerInterrupt
                0x0800b220       0x28 build/port.o
                0x0800b220                vPortSetupTimerInterrupt
 .text.xPortStartScheduler
                0x0800b248      0x118 build/port.o
                0x0800b248                xPortStartScheduler
 .text.vPortValidateInterruptPriority
                0x0800b360       0x5c build/port.o
                0x0800b360                vPortValidateInterruptPriority
 .text.HAL_FMC_MspInit
                0x0800b3bc      0x108 build/fmc.o
 .text.MX_FMC_Init
                0x0800b4c4       0x74 build/fmc.o
                0x0800b4c4                MX_FMC_Init
 .text.HAL_SDRAM_MspInit
                0x0800b538        0x8 build/fmc.o
                0x0800b538                HAL_SDRAM_MspInit
 .text.MX_LTDC_Init
                0x0800b540       0xb4 build/ltdc.o
                0x0800b540                MX_LTDC_Init
 .text.HAL_LTDC_MspInit
                0x0800b5f4      0x1a0 build/ltdc.o
                0x0800b5f4                HAL_LTDC_MspInit
 .text.FMC_SDRAM_Init
                0x0800b794       0x74 build/stm32h7xx_ll_fmc.o
                0x0800b794                FMC_SDRAM_Init
 .text.FMC_SDRAM_Timing_Init
                0x0800b808       0xa8 build/stm32h7xx_ll_fmc.o
                0x0800b808                FMC_SDRAM_Timing_Init
 .text.FMC_SDRAM_SendCommand
                0x0800b8b0       0x30 build/stm32h7xx_ll_fmc.o
                0x0800b8b0                FMC_SDRAM_SendCommand
 .text.FMC_SDRAM_ProgramRefreshRate
                0x0800b8e0       0x14 build/stm32h7xx_ll_fmc.o
                0x0800b8e0                FMC_SDRAM_ProgramRefreshRate
 .text.HAL_SDRAM_Init
                0x0800b8f4       0x50 build/stm32h7xx_hal_sdram.o
                0x0800b8f4                HAL_SDRAM_Init
 .text.HAL_SDRAM_SendCommand
                0x0800b944       0x42 build/stm32h7xx_hal_sdram.o
                0x0800b944                HAL_SDRAM_SendCommand
 .text.HAL_SDRAM_ProgramRefreshRate
                0x0800b986       0x32 build/stm32h7xx_hal_sdram.o
                0x0800b986                HAL_SDRAM_ProgramRefreshRate
 .text.LTDC_SetConfig
                0x0800b9b8      0x1b8 build/stm32h7xx_hal_ltdc.o
 .text.HAL_LTDC_Init
                0x0800bb70       0xf4 build/stm32h7xx_hal_ltdc.o
                0x0800bb70                HAL_LTDC_Init
 .text.HAL_LTDC_ConfigLayer
                0x0800bc64       0x68 build/stm32h7xx_hal_ltdc.o
                0x0800bc64                HAL_LTDC_ConfigLayer
 .text.MX_DMA2D_Init
                0x0800bccc       0x48 build/dma2d.o
                0x0800bccc                MX_DMA2D_Init
 .text.HAL_DMA2D_MspInit
                0x0800bd14       0x34 build/dma2d.o
                0x0800bd14                HAL_DMA2D_MspInit
 .text.HAL_DMA2D_Init
                0x0800bd48       0x84 build/stm32h7xx_hal_dma2d.o
                0x0800bd48                HAL_DMA2D_Init
 .text.HAL_DMA2D_ConfigLayer
                0x0800bdcc      0x104 build/stm32h7xx_hal_dma2d.o
                0x0800bdcc                HAL_DMA2D_ConfigLayer
 .text.MX_DMA_Init
                0x0800bed0       0x48 build/dma.o
                0x0800bed0                MX_DMA_Init
 .text.MX_TIM2_Init
                0x0800bf18       0x70 build/tim.o
                0x0800bf18                MX_TIM2_Init
 .text.MX_TIM4_Init
                0x0800bf88       0x74 build/tim.o
                0x0800bf88                MX_TIM4_Init
 .text.MX_TIM5_Init
                0x0800bffc       0x74 build/tim.o
                0x0800bffc                MX_TIM5_Init
 .text.HAL_TIM_Base_MspInit
                0x0800c070       0xa0 build/tim.o
                0x0800c070                HAL_TIM_Base_MspInit
 .text.HAL_TIM_MspPostInit
                0x0800c110       0x5c build/tim.o
                0x0800c110                HAL_TIM_MspPostInit
 .text.MX_TIM8_Init
                0x0800c16c      0x12c build/tim.o
                0x0800c16c                MX_TIM8_Init
 .text.Reset_Handler
                0x0800c298       0x50 build/startup_stm32h743xx.o
                0x0800c298                Reset_Handler
 .text.Default_Handler
                0x0800c2e8        0x2 build/startup_stm32h743xx.o
                0x0800c2e8                RTC_Alarm_IRQHandler
                0x0800c2e8                EXTI2_IRQHandler
                0x0800c2e8                TIM8_CC_IRQHandler
                0x0800c2e8                HRTIM1_Master_IRQHandler
                0x0800c2e8                UART8_IRQHandler
                0x0800c2e8                SPI4_IRQHandler
                0x0800c2e8                TIM1_CC_IRQHandler
                0x0800c2e8                BDMA_Channel6_IRQHandler
                0x0800c2e8                DMA2_Stream5_IRQHandler
                0x0800c2e8                HRTIM1_FLT_IRQHandler
                0x0800c2e8                JPEG_IRQHandler
                0x0800c2e8                DMA1_Stream5_IRQHandler
                0x0800c2e8                BDMA_Channel1_IRQHandler
                0x0800c2e8                HRTIM1_TIMD_IRQHandler
                0x0800c2e8                TAMP_STAMP_IRQHandler
                0x0800c2e8                EXTI3_IRQHandler
                0x0800c2e8                LPTIM4_IRQHandler
                0x0800c2e8                TIM8_TRG_COM_TIM14_IRQHandler
                0x0800c2e8                LPTIM2_IRQHandler
                0x0800c2e8                DFSDM1_FLT1_IRQHandler
                0x0800c2e8                DMAMUX2_OVR_IRQHandler
                0x0800c2e8                TIM8_UP_TIM13_IRQHandler
                0x0800c2e8                I2C3_ER_IRQHandler
                0x0800c2e8                DFSDM1_FLT2_IRQHandler
                0x0800c2e8                MDMA_IRQHandler
                0x0800c2e8                LPTIM3_IRQHandler
                0x0800c2e8                HSEM1_IRQHandler
                0x0800c2e8                EXTI0_IRQHandler
                0x0800c2e8                I2C2_EV_IRQHandler
                0x0800c2e8                DMA1_Stream2_IRQHandler
                0x0800c2e8                FPU_IRQHandler
                0x0800c2e8                OTG_HS_WKUP_IRQHandler
                0x0800c2e8                LTDC_ER_IRQHandler
                0x0800c2e8                DMA2_Stream2_IRQHandler
                0x0800c2e8                HRTIM1_TIME_IRQHandler
                0x0800c2e8                SPI1_IRQHandler
                0x0800c2e8                TIM6_DAC_IRQHandler
                0x0800c2e8                DCMI_IRQHandler
                0x0800c2e8                HRTIM1_TIMC_IRQHandler
                0x0800c2e8                DMA2_Stream3_IRQHandler
                0x0800c2e8                SAI2_IRQHandler
                0x0800c2e8                DFSDM1_FLT3_IRQHandler
                0x0800c2e8                TIM17_IRQHandler
                0x0800c2e8                USART3_IRQHandler
                0x0800c2e8                BDMA_Channel7_IRQHandler
                0x0800c2e8                LPTIM5_IRQHandler
                0x0800c2e8                ADC3_IRQHandler
                0x0800c2e8                DMA2_Stream0_IRQHandler
                0x0800c2e8                TIM4_IRQHandler
                0x0800c2e8                BDMA_Channel2_IRQHandler
                0x0800c2e8                QUADSPI_IRQHandler
                0x0800c2e8                I2C1_EV_IRQHandler
                0x0800c2e8                DMA1_Stream6_IRQHandler
                0x0800c2e8                DMAMUX1_OVR_IRQHandler
                0x0800c2e8                TIM16_IRQHandler
                0x0800c2e8                UART4_IRQHandler
                0x0800c2e8                BDMA_Channel5_IRQHandler
                0x0800c2e8                TIM3_IRQHandler
                0x0800c2e8                RCC_IRQHandler
                0x0800c2e8                TIM8_BRK_TIM12_IRQHandler
                0x0800c2e8                TIM1_TRG_COM_IRQHandler
                0x0800c2e8                Default_Handler
                0x0800c2e8                ECC_IRQHandler
                0x0800c2e8                CEC_IRQHandler
                0x0800c2e8                EXTI15_10_IRQHandler
                0x0800c2e8                BDMA_Channel0_IRQHandler
                0x0800c2e8                ADC_IRQHandler
                0x0800c2e8                DMA1_Stream7_IRQHandler
                0x0800c2e8                HRTIM1_TIMA_IRQHandler
                0x0800c2e8                SPI5_IRQHandler
                0x0800c2e8                TIM7_IRQHandler
                0x0800c2e8                SDMMC1_IRQHandler
                0x0800c2e8                TIM5_IRQHandler
                0x0800c2e8                DMA2_Stream7_IRQHandler
                0x0800c2e8                TIM15_IRQHandler
                0x0800c2e8                PVD_AVD_IRQHandler
                0x0800c2e8                I2C3_EV_IRQHandler
                0x0800c2e8                EXTI9_5_IRQHandler
                0x0800c2e8                RTC_WKUP_IRQHandler
                0x0800c2e8                LTDC_IRQHandler
                0x0800c2e8                SAI3_IRQHandler
                0x0800c2e8                ETH_WKUP_IRQHandler
                0x0800c2e8                SPDIF_RX_IRQHandler
                0x0800c2e8                SPI2_IRQHandler
                0x0800c2e8                OTG_HS_EP1_IN_IRQHandler
                0x0800c2e8                CRS_IRQHandler
                0x0800c2e8                EXTI4_IRQHandler
                0x0800c2e8                RNG_IRQHandler
                0x0800c2e8                HRTIM1_TIMB_IRQHandler
                0x0800c2e8                FDCAN2_IT1_IRQHandler
                0x0800c2e8                ETH_IRQHandler
                0x0800c2e8                BDMA_Channel4_IRQHandler
                0x0800c2e8                OTG_HS_EP1_OUT_IRQHandler
                0x0800c2e8                WWDG_IRQHandler
                0x0800c2e8                SPI6_IRQHandler
                0x0800c2e8                MDIOS_IRQHandler
                0x0800c2e8                I2C4_EV_IRQHandler
                0x0800c2e8                FDCAN2_IT0_IRQHandler
                0x0800c2e8                LPUART1_IRQHandler
                0x0800c2e8                TIM2_IRQHandler
                0x0800c2e8                OTG_FS_WKUP_IRQHandler
                0x0800c2e8                OTG_HS_IRQHandler
                0x0800c2e8                DMA2D_IRQHandler
                0x0800c2e8                TIM1_BRK_IRQHandler
                0x0800c2e8                EXTI1_IRQHandler
                0x0800c2e8                SDMMC2_IRQHandler
                0x0800c2e8                OTG_FS_EP1_OUT_IRQHandler
                0x0800c2e8                BDMA_Channel3_IRQHandler
                0x0800c2e8                UART7_IRQHandler
                0x0800c2e8                MDIOS_WKUP_IRQHandler
                0x0800c2e8                DFSDM1_FLT0_IRQHandler
                0x0800c2e8                SAI4_IRQHandler
                0x0800c2e8                I2C2_ER_IRQHandler
                0x0800c2e8                DMA2_Stream1_IRQHandler
                0x0800c2e8                FLASH_IRQHandler
                0x0800c2e8                DMA2_Stream4_IRQHandler
                0x0800c2e8                USART1_IRQHandler
                0x0800c2e8                OTG_FS_IRQHandler
                0x0800c2e8                SPI3_IRQHandler
                0x0800c2e8                WAKEUP_PIN_IRQHandler
                0x0800c2e8                DMA1_Stream4_IRQHandler
                0x0800c2e8                OTG_FS_EP1_IN_IRQHandler
                0x0800c2e8                I2C1_ER_IRQHandler
                0x0800c2e8                FMC_IRQHandler
                0x0800c2e8                FDCAN_CAL_IRQHandler
                0x0800c2e8                SWPMI1_IRQHandler
                0x0800c2e8                COMP1_IRQHandler
                0x0800c2e8                LPTIM1_IRQHandler
                0x0800c2e8                I2C4_ER_IRQHandler
                0x0800c2e8                DMA2_Stream6_IRQHandler
                0x0800c2e8                SAI1_IRQHandler
                0x0800c2e8                DMA1_Stream3_IRQHandler
 *fill*         0x0800c2ea        0x2 
 .text.__errno  0x0800c2ec        0xc d:/rm/arm-gnu-toolchian/bin/../lib/gcc/arm-none-eabi/10.3.1/../../../../arm-none-eabi/lib/thumb/v7e-m+dp/hard\libc_nano.a(lib_a-errno.o)
                0x0800c2ec                __errno
 .text.__libc_init_array
                0x0800c2f8       0x48 d:/rm/arm-gnu-toolchian/bin/../lib/gcc/arm-none-eabi/10.3.1/../../../../arm-none-eabi/lib/thumb/v7e-m+dp/hard\libc_nano.a(lib_a-init.o)
                0x0800c2f8                __libc_init_array
 .text.malloc   0x0800c340       0x10 d:/rm/arm-gnu-toolchian/bin/../lib/gcc/arm-none-eabi/10.3.1/../../../../arm-none-eabi/lib/thumb/v7e-m+dp/hard\libc_nano.a(lib_a-malloc.o)
                0x0800c340                malloc
 .text.memcpy   0x0800c350       0x1c d:/rm/arm-gnu-toolchian/bin/../lib/gcc/arm-none-eabi/10.3.1/../../../../arm-none-eabi/lib/thumb/v7e-m+dp/hard\libc_nano.a(lib_a-memcpy-stub.o)
                0x0800c350                memcpy
 .text.memset   0x0800c36c       0x10 d:/rm/arm-gnu-toolchian/bin/../lib/gcc/arm-none-eabi/10.3.1/../../../../arm-none-eabi/lib/thumb/v7e-m+dp/hard\libc_nano.a(lib_a-memset.o)
                0x0800c36c                memset
 .text.sbrk_aligned
                0x0800c37c       0x40 d:/rm/arm-gnu-toolchian/bin/../lib/gcc/arm-none-eabi/10.3.1/../../../../arm-none-eabi/lib/thumb/v7e-m+dp/hard\libc_nano.a(lib_a-nano-mallocr.o)
 .text._malloc_r
                0x0800c3bc       0xe8 d:/rm/arm-gnu-toolchian/bin/../lib/gcc/arm-none-eabi/10.3.1/../../../../arm-none-eabi/lib/thumb/v7e-m+dp/hard\libc_nano.a(lib_a-nano-mallocr.o)
                0x0800c3bc                _malloc_r
 .text._sbrk_r  0x0800c4a4       0x20 d:/rm/arm-gnu-toolchian/bin/../lib/gcc/arm-none-eabi/10.3.1/../../../../arm-none-eabi/lib/thumb/v7e-m+dp/hard\libc_nano.a(lib_a-sbrkr.o)
                0x0800c4a4                _sbrk_r
 .text.strcpy   0x0800c4c4       0x10 d:/rm/arm-gnu-toolchian/bin/../lib/gcc/arm-none-eabi/10.3.1/../../../../arm-none-eabi/lib/thumb/v7e-m+dp/hard\libc_nano.a(lib_a-strcpy.o)
                0x0800c4c4                strcpy
 .text.strnlen  0x0800c4d4       0x18 d:/rm/arm-gnu-toolchian/bin/../lib/gcc/arm-none-eabi/10.3.1/../../../../arm-none-eabi/lib/thumb/v7e-m+dp/hard\libc_nano.a(lib_a-strnlen.o)
                0x0800c4d4                strnlen
 .text.__retarget_lock_acquire_recursive
                0x0800c4ec        0x2 d:/rm/arm-gnu-toolchian/bin/../lib/gcc/arm-none-eabi/10.3.1/../../../../arm-none-eabi/lib/thumb/v7e-m+dp/hard\libc_nano.a(lib_a-lock.o)
                0x0800c4ec                __retarget_lock_acquire_recursive
 .text.__retarget_lock_release_recursive
                0x0800c4ee        0x2 d:/rm/arm-gnu-toolchian/bin/../lib/gcc/arm-none-eabi/10.3.1/../../../../arm-none-eabi/lib/thumb/v7e-m+dp/hard\libc_nano.a(lib_a-lock.o)
                0x0800c4ee                __retarget_lock_release_recursive
 .text.__malloc_lock
                0x0800c4f0        0xc d:/rm/arm-gnu-toolchian/bin/../lib/gcc/arm-none-eabi/10.3.1/../../../../arm-none-eabi/lib/thumb/v7e-m+dp/hard\libc_nano.a(lib_a-mlock.o)
                0x0800c4f0                __malloc_lock
 .text.__malloc_unlock
                0x0800c4fc        0xc d:/rm/arm-gnu-toolchian/bin/../lib/gcc/arm-none-eabi/10.3.1/../../../../arm-none-eabi/lib/thumb/v7e-m+dp/hard\libc_nano.a(lib_a-mlock.o)
                0x0800c4fc                __malloc_unlock
 *(.glue_7)
 .glue_7        0x0800c508        0x0 linker stubs
 *(.glue_7t)
 .glue_7t       0x0800c508        0x0 linker stubs
 *(.eh_frame)
 .eh_frame      0x0800c508        0x0 d:/rm/arm-gnu-toolchian/bin/../lib/gcc/arm-none-eabi/10.3.1/thumb/v7e-m+dp/hard/crtbegin.o
 *(.init)
 .init          0x0800c508        0x4 d:/rm/arm-gnu-toolchian/bin/../lib/gcc/arm-none-eabi/10.3.1/thumb/v7e-m+dp/hard/crti.o
                0x0800c508                _init
 .init          0x0800c50c        0x8 d:/rm/arm-gnu-toolchian/bin/../lib/gcc/arm-none-eabi/10.3.1/thumb/v7e-m+dp/hard/crtn.o
 *(.fini)
 .fini          0x0800c514        0x4 d:/rm/arm-gnu-toolchian/bin/../lib/gcc/arm-none-eabi/10.3.1/thumb/v7e-m+dp/hard/crti.o
                0x0800c514                _fini
 .fini          0x0800c518        0x8 d:/rm/arm-gnu-toolchian/bin/../lib/gcc/arm-none-eabi/10.3.1/thumb/v7e-m+dp/hard/crtn.o
                0x0800c520                . = ALIGN (0x4)
                0x0800c520                _etext = .

.vfp11_veneer   0x0800c520        0x0
 .vfp11_veneer  0x0800c520        0x0 linker stubs

.v4_bx          0x0800c520        0x0
 .v4_bx         0x0800c520        0x0 linker stubs

.iplt           0x0800c520        0x0
 .iplt          0x0800c520        0x0 d:/rm/arm-gnu-toolchian/bin/../lib/gcc/arm-none-eabi/10.3.1/thumb/v7e-m+dp/hard/crtbegin.o

.rodata         0x0800c520     0x1ba4
                0x0800c520                . = ALIGN (0x4)
 *(.rodata)
 .rodata        0x0800c520       0x4c build/stm32h7xx_hal_fdcan.o
 .rodata        0x0800c56c       0x54 build/robot.o
 .rodata        0x0800c5c0       0x1c build/freertos.o
 *(.rodata*)
 .rodata.flagBitshiftOffset.0
                0x0800c5dc        0x8 build/stm32h7xx_hal_dma.o
 .rodata.UARTPrescTable
                0x0800c5e4       0x18 build/stm32h7xx_hal_uart.o
                0x0800c5e4                UARTPrescTable
 .rodata.denominator.0
                0x0800c5fc        0x8 build/stm32h7xx_hal_uart_ex.o
 .rodata.numerator.1
                0x0800c604        0x8 build/stm32h7xx_hal_uart_ex.o
 .rodata.sinTable_f32
                0x0800c60c      0x804 build/arm_common_tables.o
                0x0800c60c                sinTable_f32
 .rodata.D1CorePrescTable
                0x0800ce10       0x10 build/system_stm32h7xx.o
                0x0800ce10                D1CorePrescTable
 .rodata.DLCtoBytes
                0x0800ce20       0x10 build/stm32h7xx_hal_fdcan.o
 .rodata.ASCII_2412_Table
                0x0800ce30     0x11d0 build/lcd_fonts.o
                0x0800ce30                ASCII_2412_Table
 .rodata.str1.4
                0x0800e000       0x22 build/robot.o
 *fill*         0x0800e022        0x2 
 .rodata.ChassisInit.str1.4
                0x0800e024       0x19 build/chassis.o
 *fill*         0x0800e03d        0x3 
 .rodata.str1.4
                0x0800e040        0xc build/freertos.o
 .rodata.vTaskStartScheduler.str1.4
                0x0800e04c        0x5 build/tasks.o
 *fill*         0x0800e051        0x3 
 .rodata.prvCheckForValidListAndQueue.str1.4
                0x0800e054        0x5 build/timers.o
 *fill*         0x0800e059        0x3 
 .rodata.xTimerCreateTimerTask.str1.4
                0x0800e05c        0x8 build/timers.o
 .rodata.__sf_fake_stderr
                0x0800e064       0x20 d:/rm/arm-gnu-toolchian/bin/../lib/gcc/arm-none-eabi/10.3.1/../../../../arm-none-eabi/lib/thumb/v7e-m+dp/hard\libc_nano.a(lib_a-findfp.o)
                0x0800e064                __sf_fake_stderr
 .rodata.__sf_fake_stdin
                0x0800e084       0x20 d:/rm/arm-gnu-toolchian/bin/../lib/gcc/arm-none-eabi/10.3.1/../../../../arm-none-eabi/lib/thumb/v7e-m+dp/hard\libc_nano.a(lib_a-findfp.o)
                0x0800e084                __sf_fake_stdin
 .rodata.__sf_fake_stdout
                0x0800e0a4       0x20 d:/rm/arm-gnu-toolchian/bin/../lib/gcc/arm-none-eabi/10.3.1/../../../../arm-none-eabi/lib/thumb/v7e-m+dp/hard\libc_nano.a(lib_a-findfp.o)
                0x0800e0a4                __sf_fake_stdout
                0x0800e0c4                . = ALIGN (0x4)

.ARM.extab
 *(.ARM.extab* .gnu.linkonce.armextab.*)

.ARM            0x0800e0c4        0x8
                0x0800e0c4                __exidx_start = .
 *(.ARM.exidx*)
 .ARM.exidx     0x0800e0c4        0x8 d:/rm/arm-gnu-toolchian/bin/../lib/gcc/arm-none-eabi/10.3.1/thumb/v7e-m+dp/hard\libgcc.a(_udivmoddi4.o)
                0x0800e0cc                __exidx_end = .

.rel.dyn        0x0800e0cc        0x0
 .rel.iplt      0x0800e0cc        0x0 d:/rm/arm-gnu-toolchian/bin/../lib/gcc/arm-none-eabi/10.3.1/thumb/v7e-m+dp/hard/crtbegin.o

.preinit_array  0x0800e0cc        0x0
                0x0800e0cc                PROVIDE (__preinit_array_start = .)
 *(.preinit_array*)
                0x0800e0cc                PROVIDE (__preinit_array_end = .)

.init_array     0x0800e0cc        0x4
                0x0800e0cc                PROVIDE (__init_array_start = .)
 *(SORT_BY_NAME(.init_array.*))
 *(.init_array*)
 .init_array    0x0800e0cc        0x4 d:/rm/arm-gnu-toolchian/bin/../lib/gcc/arm-none-eabi/10.3.1/thumb/v7e-m+dp/hard/crtbegin.o
                0x0800e0d0                PROVIDE (__init_array_end = .)

.fini_array     0x0800e0d0        0x4
                [!provide]                PROVIDE (__fini_array_start = .)
 *(SORT_BY_NAME(.fini_array.*))
 *(.fini_array*)
 .fini_array    0x0800e0d0        0x4 d:/rm/arm-gnu-toolchian/bin/../lib/gcc/arm-none-eabi/10.3.1/thumb/v7e-m+dp/hard/crtbegin.o
                [!provide]                PROVIDE (__fini_array_end = .)
                0x0800e0d4                _sidata = LOADADDR (.data)

.data           0x20000000      0x288 load address 0x0800e0d4
                0x20000000                . = ALIGN (0x4)
                0x20000000                _sdata = .
 *(.data)
 *(.data*)
 .data.uwTickFreq
                0x20000000        0x1 build/stm32h7xx_hal.o
                0x20000000                uwTickFreq
 *fill*         0x20000001        0x3 
 .data.uwTickPrio
                0x20000004        0x4 build/stm32h7xx_hal.o
                0x20000004                uwTickPrio
 .data.SystemCoreClock
                0x20000008        0x4 build/system_stm32h7xx.o
                0x20000008                SystemCoreClock
 .data.SystemD2Clock
                0x2000000c        0x4 build/system_stm32h7xx.o
                0x2000000c                SystemD2Clock
 .data.can2_filter_idx.3
                0x20000010        0x1 build/bsp_can.o
 *fill*         0x20000011        0x3 
 .data.Font24   0x20000014        0xc build/lcd_fonts.o
                0x20000014                Font24
 .data.sender_assignment
                0x20000020      0x1ce build/DJI_motor.o
 *fill*         0x200001ee        0x2 
 .data.message_center
                0x200001f0       0x30 build/message_center.o
 .data.uxCriticalNesting
                0x20000220        0x4 build/port.o
 .data._impure_ptr
                0x20000224        0x4 d:/rm/arm-gnu-toolchian/bin/../lib/gcc/arm-none-eabi/10.3.1/../../../../arm-none-eabi/lib/thumb/v7e-m+dp/hard\libc_nano.a(lib_a-impure.o)
                0x20000224                _impure_ptr
 .data.impure_data
                0x20000228       0x60 d:/rm/arm-gnu-toolchian/bin/../lib/gcc/arm-none-eabi/10.3.1/../../../../arm-none-eabi/lib/thumb/v7e-m+dp/hard\libc_nano.a(lib_a-impure.o)
                0x20000288                . = ALIGN (0x4)
                0x20000288                _edata = .

.igot.plt       0x20000288        0x0 load address 0x0800e35c
 .igot.plt      0x20000288        0x0 d:/rm/arm-gnu-toolchian/bin/../lib/gcc/arm-none-eabi/10.3.1/thumb/v7e-m+dp/hard/crtbegin.o
                0x20000288                . = ALIGN (0x4)

.bss            0x20000288     0x50c0 load address 0x0800e35c
                0x20000288                _sbss = .
                0x20000288                __bss_start__ = _sbss
 *(.bss)
 .bss           0x20000288       0x1c d:/rm/arm-gnu-toolchian/bin/../lib/gcc/arm-none-eabi/10.3.1/thumb/v7e-m+dp/hard/crtbegin.o
 *(.bss*)
 .bss.hdma_usart2_rx
                0x200002a4       0x78 build/usart.o
                0x200002a4                hdma_usart2_rx
 .bss.hdma_usart6_rx
                0x2000031c       0x78 build/usart.o
                0x2000031c                hdma_usart6_rx
 .bss.huart2    0x20000394       0x94 build/usart.o
                0x20000394                huart2
 .bss.huart5    0x20000428       0x94 build/usart.o
                0x20000428                huart5
 .bss.huart6    0x200004bc       0x94 build/usart.o
                0x200004bc                huart6
 .bss.hcrc      0x20000550       0x24 build/crc.o
                0x20000550                hcrc
 .bss.hrng      0x20000574       0x14 build/rng.o
                0x20000574                hrng
 .bss.hrtc      0x20000588       0x24 build/rtc.o
                0x20000588                hrtc
 .bss.uwTick    0x200005ac        0x4 build/stm32h7xx_hal.o
                0x200005ac                uwTick
 .bss.__sbrk_heap_end
                0x200005b0        0x4 build/sysmem.o
 .bss.HAL_RCC_FDCAN_CLK_ENABLED
                0x200005b4        0x4 build/fdcan.o
 .bss.hfdcan1   0x200005b8       0xa0 build/fdcan.o
                0x200005b8                hfdcan1
 .bss.hfdcan2   0x20000658       0xa0 build/fdcan.o
                0x20000658                hfdcan2
 .bss.my_section_offset
                0x200006f8        0x4 build/bsp_usart.o
 .bss.usart_instance
                0x200006fc       0x14 build/bsp_usart.o
 .bss.usart_instance_idx
                0x20000710        0x1 build/bsp_usart.o
 *fill*         0x20000711        0x3 
 .bss.busy_count.2
                0x20000714        0x4 build/bsp_can.o
 .bss.can1_filter_idx.4
                0x20000718        0x1 build/bsp_can.o
 *fill*         0x20000719        0x3 
 .bss.can_instance
                0x2000071c       0x40 build/bsp_can.o
 .bss.idx       0x2000075c        0x1 build/bsp_can.o
 *fill*         0x2000075d        0x3 
 .bss.rxconf.0  0x20000760       0x28 build/bsp_can.o
 .bss.wait_time.1
                0x20000788        0x4 build/bsp_can.o
 *fill*         0x2000078c        0x4 
 .bss.CNT_TEMP1.2
                0x20000790        0x8 build/bsp_dwt.o
 .bss.CNT_TEMP2.1
                0x20000798        0x8 build/bsp_dwt.o
 .bss.CNT_TEMP3.0
                0x200007a0        0x8 build/bsp_dwt.o
 .bss.CPU_FREQ_Hz
                0x200007a8        0x4 build/bsp_dwt.o
 .bss.CPU_FREQ_Hz_ms
                0x200007ac        0x4 build/bsp_dwt.o
 .bss.CPU_FREQ_Hz_us
                0x200007b0        0x4 build/bsp_dwt.o
 *fill*         0x200007b4        0x4 
 .bss.CYCCNT64  0x200007b8        0x8 build/bsp_dwt.o
 .bss.CYCCNT_LAST
                0x200007c0        0x4 build/bsp_dwt.o
 .bss.CYCCNT_RountCount
                0x200007c4        0x4 build/bsp_dwt.o
 .bss.SysTime   0x200007c8        0x8 build/bsp_dwt.o
 .bss.bit_locker.3
                0x200007d0        0x1 build/bsp_dwt.o
 *fill*         0x200007d1        0x3 
 .bss.daemon_instances
                0x200007d4      0x100 build/daemon.o
 .bss.idx       0x200008d4        0x1 build/daemon.o
 *fill*         0x200008d5        0x3 
 .bss.temp_Iout.1
                0x200008d8        0x4 build/controller.o
 .bss.temp_Output.0
                0x200008dc        0x4 build/controller.o
 .bss.LCD       0x200008e0       0x14 build/lcd_rgb.o
                0x200008e0                LCD
 .bss.LCD_Fonts
                0x200008f4        0x4 build/lcd_rgb.o
 .bss.Command   0x200008f8        0x4 build/sdram.o
                0x200008f8                Command
 .bss.ops_daemon_instance
                0x200008fc        0x4 build/ops.o
 .bss.ops_data_buff
                0x20000900       0x18 build/ops.o
 .bss.ops_instance
                0x20000918        0x4 build/ops.o
 .bss.current_pid
                0x2000091c        0x4 build/DJI_motor.o
                0x2000091c                current_pid
 .bss.dji_motor_instance
                0x20000920       0x10 build/DJI_motor.o
 .bss.idx       0x20000930        0x1 build/DJI_motor.o
 *fill*         0x20000931        0x3 
 .bss.real_c    0x20000934        0x4 build/DJI_motor.o
                0x20000934                real_c
 .bss.real_s    0x20000938        0x4 build/DJI_motor.o
                0x20000938                real_s
 .bss.sender_enable_flag
                0x2000093c        0x6 build/DJI_motor.o
 *fill*         0x20000942        0x2 
 .bss.speed_err
                0x20000944        0x4 build/DJI_motor.o
                0x20000944                speed_err
 .bss.speed_pid
                0x20000948        0x4 build/DJI_motor.o
                0x20000948                speed_pid
 .bss.iter.0    0x2000094c        0x4 build/message_center.o
 .bss.daemonTaskHandle
                0x20000950        0x4 build/robot.o
                0x20000950                daemonTaskHandle
 .bss.daemon_dt.0
                0x20000954        0x4 build/robot.o
 .bss.daemon_start.1
                0x20000958        0x4 build/robot.o
 .bss.motorTaskHandle
                0x2000095c        0x4 build/robot.o
                0x2000095c                motorTaskHandle
 .bss.motor_dt.2
                0x20000960        0x4 build/robot.o
 .bss.motor_start.3
                0x20000964        0x4 build/robot.o
 .bss.robotTaskHandle
                0x20000968        0x4 build/robot.o
                0x20000968                robotTaskHandle
 .bss.chassis_cmd_recv
                0x2000096c       0x15 build/chassis.o
 *fill*         0x20000981        0x3 
 .bss.chassis_feedback_data
                0x20000984        0x2 build/chassis.o
 *fill*         0x20000986        0x2 
 .bss.chassis_pub
                0x20000988        0x4 build/chassis.o
 .bss.chassis_sub
                0x2000098c        0x4 build/chassis.o
 .bss.chassis_vx
                0x20000990        0x4 build/chassis.o
 .bss.chassis_vy
                0x20000994        0x4 build/chassis.o
 .bss.chassis_w
                0x20000998        0x4 build/chassis.o
 .bss.cos_theta.1
                0x2000099c        0x4 build/chassis.o
 .bss.ff_vx     0x200009a0        0x4 build/chassis.o
 .bss.ff_vy     0x200009a4        0x4 build/chassis.o
 .bss.heading_pid_instance
                0x200009a8       0x78 build/chassis.o
 .bss.motor_lb  0x20000a20        0x4 build/chassis.o
 .bss.motor_lf  0x20000a24        0x4 build/chassis.o
 .bss.motor_rb  0x20000a28        0x4 build/chassis.o
 .bss.motor_rf  0x20000a2c        0x4 build/chassis.o
 .bss.ops_data  0x20000a30        0x4 build/chassis.o
 .bss.sin_theta.0
                0x20000a34        0x4 build/chassis.o
 .bss.vt_lb     0x20000a38        0x4 build/chassis.o
 .bss.vt_lf     0x20000a3c        0x4 build/chassis.o
 .bss.vt_rb     0x20000a40        0x4 build/chassis.o
 .bss.vt_rf     0x20000a44        0x4 build/chassis.o
 .bss.x_pid_instance
                0x20000a48       0x78 build/chassis.o
 .bss.y_pid_instance
                0x20000ac0       0x78 build/chassis.o
 .bss.htim1     0x20000b38       0x4c build/stm32h7xx_hal_timebase_tim.o
                0x20000b38                htim1
 .bss.defaultTaskHandle
                0x20000b84        0x4 build/freertos.o
                0x20000b84                defaultTaskHandle
 .bss.xIdleStack
                0x20000b88      0x200 build/freertos.o
 .bss.xIdleTaskTCBBuffer
                0x20000d88       0x54 build/freertos.o
 .bss.xTimerStack
                0x20000ddc      0x400 build/freertos.o
 .bss.xTimerTaskTCBBuffer
                0x200011dc       0x54 build/freertos.o
 .bss.xQueueRegistry
                0x20001230       0x40 build/queue.o
                0x20001230                xQueueRegistry
 .bss.pxCurrentTCB
                0x20001270        0x4 build/tasks.o
                0x20001270                pxCurrentTCB
 .bss.pxDelayedTaskList
                0x20001274        0x4 build/tasks.o
 .bss.pxOverflowDelayedTaskList
                0x20001278        0x4 build/tasks.o
 .bss.pxReadyTasksLists
                0x2000127c       0x8c build/tasks.o
 .bss.uxCurrentNumberOfTasks
                0x20001308        0x4 build/tasks.o
 .bss.uxDeletedTasksWaitingCleanUp
                0x2000130c        0x4 build/tasks.o
 .bss.uxSchedulerSuspended
                0x20001310        0x4 build/tasks.o
 .bss.uxTaskNumber
                0x20001314        0x4 build/tasks.o
 .bss.uxTopReadyPriority
                0x20001318        0x4 build/tasks.o
 .bss.xDelayedTaskList1
                0x2000131c       0x14 build/tasks.o
 .bss.xDelayedTaskList2
                0x20001330       0x14 build/tasks.o
 .bss.xIdleTaskHandle
                0x20001344        0x4 build/tasks.o
 .bss.xNextTaskUnblockTime
                0x20001348        0x4 build/tasks.o
 .bss.xNumOfOverflows
                0x2000134c        0x4 build/tasks.o
 .bss.xPendedTicks
                0x20001350        0x4 build/tasks.o
 .bss.xPendingReadyList
                0x20001354       0x14 build/tasks.o
 .bss.xSchedulerRunning
                0x20001368        0x4 build/tasks.o
 .bss.xSuspendedTaskList
                0x2000136c       0x14 build/tasks.o
 .bss.xTasksWaitingTermination
                0x20001380       0x14 build/tasks.o
 .bss.xTickCount
                0x20001394        0x4 build/tasks.o
 .bss.xYieldPending
                0x20001398        0x4 build/tasks.o
 .bss.pxCurrentTimerList
                0x2000139c        0x4 build/timers.o
 .bss.pxOverflowTimerList
                0x200013a0        0x4 build/timers.o
 .bss.ucStaticTimerQueueStorage.1
                0x200013a4       0x78 build/timers.o
 .bss.xActiveTimerList1
                0x2000141c       0x14 build/timers.o
 .bss.xActiveTimerList2
                0x20001430       0x14 build/timers.o
 .bss.xLastTime.2
                0x20001444        0x4 build/timers.o
 .bss.xStaticTimerQueue.0
                0x20001448       0x48 build/timers.o
 .bss.xTimerQueue
                0x20001490        0x4 build/timers.o
 .bss.xTimerTaskHandle
                0x20001494        0x4 build/timers.o
 .bss.pxEnd     0x20001498        0x4 build/heap_4.o
 .bss.ucHeap    0x2000149c     0x3c00 build/heap_4.o
 .bss.xBlockAllocatedBit
                0x2000509c        0x4 build/heap_4.o
 .bss.xFreeBytesRemaining
                0x200050a0        0x4 build/heap_4.o
 .bss.xMinimumEverFreeBytesRemaining
                0x200050a4        0x4 build/heap_4.o
 .bss.xNumberOfSuccessfulAllocations
                0x200050a8        0x4 build/heap_4.o
 .bss.xNumberOfSuccessfulFrees
                0x200050ac        0x4 build/heap_4.o
 .bss.xStart    0x200050b0        0x8 build/heap_4.o
 .bss.ucMaxSysCallPriority
                0x200050b8        0x1 build/port.o
 *fill*         0x200050b9        0x3 
 .bss.ulMaxPRIGROUPValue
                0x200050bc        0x4 build/port.o
 .bss.FMC_Initialized
                0x200050c0        0x4 build/fmc.o
 .bss.hsdram1   0x200050c4       0x34 build/fmc.o
                0x200050c4                hsdram1
 .bss.hltdc     0x200050f8       0xa8 build/ltdc.o
                0x200050f8                hltdc
 .bss.hdma2d    0x200051a0       0x68 build/dma2d.o
                0x200051a0                hdma2d
 .bss.htim2     0x20005208       0x4c build/tim.o
                0x20005208                htim2
 .bss.htim4     0x20005254       0x4c build/tim.o
                0x20005254                htim4
 .bss.htim5     0x200052a0       0x4c build/tim.o
                0x200052a0                htim5
 .bss.htim8     0x200052ec       0x4c build/tim.o
                0x200052ec                htim8
 .bss.__malloc_free_list
                0x20005338        0x4 d:/rm/arm-gnu-toolchian/bin/../lib/gcc/arm-none-eabi/10.3.1/../../../../arm-none-eabi/lib/thumb/v7e-m+dp/hard\libc_nano.a(lib_a-nano-mallocr.o)
                0x20005338                __malloc_free_list
 .bss.__malloc_sbrk_start
                0x2000533c        0x4 d:/rm/arm-gnu-toolchian/bin/../lib/gcc/arm-none-eabi/10.3.1/../../../../arm-none-eabi/lib/thumb/v7e-m+dp/hard\libc_nano.a(lib_a-nano-mallocr.o)
                0x2000533c                __malloc_sbrk_start
 .bss.__lock___malloc_recursive_mutex
                0x20005340        0x1 d:/rm/arm-gnu-toolchian/bin/../lib/gcc/arm-none-eabi/10.3.1/../../../../arm-none-eabi/lib/thumb/v7e-m+dp/hard\libc_nano.a(lib_a-lock.o)
                0x20005340                __lock___malloc_recursive_mutex
 *fill*         0x20005341        0x3 
 .bss.errno     0x20005344        0x4 d:/rm/arm-gnu-toolchian/bin/../lib/gcc/arm-none-eabi/10.3.1/../../../../arm-none-eabi/lib/thumb/v7e-m+dp/hard\libc_nano.a(lib_a-reent.o)
                0x20005344                errno
 *(COMMON)
                0x20005348                . = ALIGN (0x4)
                0x20005348                _ebss = .
                0x20005348                __bss_end__ = _ebss

._user_heap_stack
                0x20005348     0x6000 load address 0x0800e35c
                0x20005348                . = ALIGN (0x8)
                [!provide]                PROVIDE (end = .)
                0x20005348                PROVIDE (_end = .)
                0x20007348                . = (. + _Min_Heap_Size)
 *fill*         0x20005348     0x2000 
                0x2000b348                . = (. + _Min_Stack_Size)
 *fill*         0x20007348     0x4000 
                0x2000b348                . = ALIGN (0x8)

/DISCARD/
 libc.a(*)
 libm.a(*)
 libgcc.a(*)

.ARM.attributes
                0x00000000       0x2e
 *(.ARM.attributes)
 .ARM.attributes
                0x00000000       0x1e d:/rm/arm-gnu-toolchian/bin/../lib/gcc/arm-none-eabi/10.3.1/thumb/v7e-m+dp/hard/crti.o
 .ARM.attributes
                0x0000001e       0x32 d:/rm/arm-gnu-toolchian/bin/../lib/gcc/arm-none-eabi/10.3.1/thumb/v7e-m+dp/hard/crtbegin.o
 .ARM.attributes
                0x00000050       0x32 build/main.o
 .ARM.attributes
                0x00000082       0x32 build/gpio.o
 .ARM.attributes
                0x000000b4       0x32 build/usart.o
 .ARM.attributes
                0x000000e6       0x32 build/stm32h7xx_it.o
 .ARM.attributes
                0x00000118       0x32 build/stm32h7xx_hal_msp.o
 .ARM.attributes
                0x0000014a       0x32 build/crc.o
 .ARM.attributes
                0x0000017c       0x32 build/rng.o
 .ARM.attributes
                0x000001ae       0x32 build/rtc.o
 .ARM.attributes
                0x000001e0       0x32 build/stm32h7xx_hal_cortex.o
 .ARM.attributes
                0x00000212       0x32 build/stm32h7xx_hal_rcc.o
 .ARM.attributes
                0x00000244       0x32 build/stm32h7xx_hal_rcc_ex.o
 .ARM.attributes
                0x00000276       0x32 build/stm32h7xx_hal_gpio.o
 .ARM.attributes
                0x000002a8       0x32 build/stm32h7xx_hal_dma.o
 .ARM.attributes
                0x000002da       0x32 build/stm32h7xx_hal_pwr_ex.o
 .ARM.attributes
                0x0000030c       0x32 build/stm32h7xx_hal.o
 .ARM.attributes
                0x0000033e       0x32 build/stm32h7xx_hal_tim.o
 .ARM.attributes
                0x00000370       0x32 build/stm32h7xx_hal_tim_ex.o
 .ARM.attributes
                0x000003a2       0x32 build/stm32h7xx_hal_uart.o
 .ARM.attributes
                0x000003d4       0x32 build/stm32h7xx_hal_uart_ex.o
 .ARM.attributes
                0x00000406       0x32 build/stm32h7xx_hal_crc.o
 .ARM.attributes
                0x00000438       0x32 build/stm32h7xx_hal_crc_ex.o
 .ARM.attributes
                0x0000046a       0x32 build/stm32h7xx_hal_rng.o
 .ARM.attributes
                0x0000049c       0x32 build/stm32h7xx_hal_rtc.o
 .ARM.attributes
                0x000004ce       0x32 build/FastMathFunctions.o
 .ARM.attributes
                0x00000500       0x32 build/arm_common_tables.o
 .ARM.attributes
                0x00000532       0x32 build/system_stm32h7xx.o
 .ARM.attributes
                0x00000564       0x32 build/sysmem.o
 .ARM.attributes
                0x00000596       0x32 build/fdcan.o
 .ARM.attributes
                0x000005c8       0x32 build/stm32h7xx_hal_fdcan.o
 .ARM.attributes
                0x000005fa       0x32 build/bsp_usart.o
 .ARM.attributes
                0x0000062c       0x32 build/bsp_can.o
 .ARM.attributes
                0x0000065e       0x32 build/bsp_dwt.o
 .ARM.attributes
                0x00000690       0x32 build/daemon.o
 .ARM.attributes
                0x000006c2       0x32 build/controller.o
 .ARM.attributes
                0x000006f4       0x32 build/lcd_fonts.o
 .ARM.attributes
                0x00000726       0x32 build/lcd_rgb.o
 .ARM.attributes
                0x00000758       0x32 build/sdram.o
 .ARM.attributes
                0x0000078a       0x32 build/ops.o
 .ARM.attributes
                0x000007bc       0x32 build/DJI_motor.o
 .ARM.attributes
                0x000007ee       0x32 build/motor_task.o
 .ARM.attributes
                0x00000820       0x32 build/message_center.o
 .ARM.attributes
                0x00000852       0x32 build/robot_cmd.o
 .ARM.attributes
                0x00000884       0x32 build/robot.o
 .ARM.attributes
                0x000008b6       0x32 build/chassis.o
 .ARM.attributes
                0x000008e8       0x32 build/stm32h7xx_hal_timebase_tim.o
 .ARM.attributes
                0x0000091a       0x32 build/freertos.o
 .ARM.attributes
                0x0000094c       0x32 build/list.o
 .ARM.attributes
                0x0000097e       0x32 build/queue.o
 .ARM.attributes
                0x000009b0       0x32 build/tasks.o
 .ARM.attributes
                0x000009e2       0x32 build/timers.o
 .ARM.attributes
                0x00000a14       0x32 build/cmsis_os.o
 .ARM.attributes
                0x00000a46       0x32 build/heap_4.o
 .ARM.attributes
                0x00000a78       0x32 build/port.o
 .ARM.attributes
                0x00000aaa       0x32 build/fmc.o
 .ARM.attributes
                0x00000adc       0x32 build/ltdc.o
 .ARM.attributes
                0x00000b0e       0x32 build/stm32h7xx_ll_fmc.o
 .ARM.attributes
                0x00000b40       0x32 build/stm32h7xx_hal_sdram.o
 .ARM.attributes
                0x00000b72       0x32 build/stm32h7xx_hal_ltdc.o
 .ARM.attributes
                0x00000ba4       0x32 build/dma2d.o
 .ARM.attributes
                0x00000bd6       0x32 build/stm32h7xx_hal_dma2d.o
 .ARM.attributes
                0x00000c08       0x32 build/dma.o
 .ARM.attributes
                0x00000c3a       0x32 build/tim.o
 .ARM.attributes
                0x00000c6c       0x21 build/startup_stm32h743xx.o
 .ARM.attributes
                0x00000c8d       0x32 d:/rm/arm-gnu-toolchian/bin/../lib/gcc/arm-none-eabi/10.3.1/../../../../arm-none-eabi/lib/thumb/v7e-m+dp/hard\libc_nano.a(lib_a-errno.o)
 .ARM.attributes
                0x00000cbf       0x32 d:/rm/arm-gnu-toolchian/bin/../lib/gcc/arm-none-eabi/10.3.1/../../../../arm-none-eabi/lib/thumb/v7e-m+dp/hard\libc_nano.a(lib_a-impure.o)
 .ARM.attributes
                0x00000cf1       0x32 d:/rm/arm-gnu-toolchian/bin/../lib/gcc/arm-none-eabi/10.3.1/../../../../arm-none-eabi/lib/thumb/v7e-m+dp/hard\libc_nano.a(lib_a-init.o)
 .ARM.attributes
                0x00000d23       0x32 d:/rm/arm-gnu-toolchian/bin/../lib/gcc/arm-none-eabi/10.3.1/../../../../arm-none-eabi/lib/thumb/v7e-m+dp/hard\libc_nano.a(lib_a-malloc.o)
 .ARM.attributes
                0x00000d55       0x32 d:/rm/arm-gnu-toolchian/bin/../lib/gcc/arm-none-eabi/10.3.1/../../../../arm-none-eabi/lib/thumb/v7e-m+dp/hard\libc_nano.a(lib_a-memcpy-stub.o)
 .ARM.attributes
                0x00000d87       0x32 d:/rm/arm-gnu-toolchian/bin/../lib/gcc/arm-none-eabi/10.3.1/../../../../arm-none-eabi/lib/thumb/v7e-m+dp/hard\libc_nano.a(lib_a-memset.o)
 .ARM.attributes
                0x00000db9       0x32 d:/rm/arm-gnu-toolchian/bin/../lib/gcc/arm-none-eabi/10.3.1/../../../../arm-none-eabi/lib/thumb/v7e-m+dp/hard\libc_nano.a(lib_a-nano-mallocr.o)
 .ARM.attributes
                0x00000deb       0x32 d:/rm/arm-gnu-toolchian/bin/../lib/gcc/arm-none-eabi/10.3.1/../../../../arm-none-eabi/lib/thumb/v7e-m+dp/hard\libc_nano.a(lib_a-sbrkr.o)
 .ARM.attributes
                0x00000e1d       0x1c d:/rm/arm-gnu-toolchian/bin/../lib/gcc/arm-none-eabi/10.3.1/../../../../arm-none-eabi/lib/thumb/v7e-m+dp/hard\libc_nano.a(lib_a-strcmp.o)
 .ARM.attributes
                0x00000e39       0x32 d:/rm/arm-gnu-toolchian/bin/../lib/gcc/arm-none-eabi/10.3.1/../../../../arm-none-eabi/lib/thumb/v7e-m+dp/hard\libc_nano.a(lib_a-strcpy.o)
 .ARM.attributes
                0x00000e6b       0x32 d:/rm/arm-gnu-toolchian/bin/../lib/gcc/arm-none-eabi/10.3.1/../../../../arm-none-eabi/lib/thumb/v7e-m+dp/hard\libc_nano.a(lib_a-strnlen.o)
 .ARM.attributes
                0x00000e9d       0x32 d:/rm/arm-gnu-toolchian/bin/../lib/gcc/arm-none-eabi/10.3.1/../../../../arm-none-eabi/lib/thumb/v7e-m+dp/hard\libc_nano.a(lib_a-findfp.o)
 .ARM.attributes
                0x00000ecf       0x32 d:/rm/arm-gnu-toolchian/bin/../lib/gcc/arm-none-eabi/10.3.1/../../../../arm-none-eabi/lib/thumb/v7e-m+dp/hard\libc_nano.a(lib_a-lock.o)
 .ARM.attributes
                0x00000f01       0x32 d:/rm/arm-gnu-toolchian/bin/../lib/gcc/arm-none-eabi/10.3.1/../../../../arm-none-eabi/lib/thumb/v7e-m+dp/hard\libc_nano.a(lib_a-mlock.o)
 .ARM.attributes
                0x00000f33       0x32 d:/rm/arm-gnu-toolchian/bin/../lib/gcc/arm-none-eabi/10.3.1/../../../../arm-none-eabi/lib/thumb/v7e-m+dp/hard\libc_nano.a(lib_a-reent.o)
 .ARM.attributes
                0x00000f65       0x1e d:/rm/arm-gnu-toolchian/bin/../lib/gcc/arm-none-eabi/10.3.1/thumb/v7e-m+dp/hard\libgcc.a(_aeabi_uldivmod.o)
 .ARM.attributes
                0x00000f83       0x32 d:/rm/arm-gnu-toolchian/bin/../lib/gcc/arm-none-eabi/10.3.1/thumb/v7e-m+dp/hard\libgcc.a(_udivmoddi4.o)
 .ARM.attributes
                0x00000fb5       0x1e d:/rm/arm-gnu-toolchian/bin/../lib/gcc/arm-none-eabi/10.3.1/thumb/v7e-m+dp/hard\libgcc.a(_dvmd_tls.o)
 .ARM.attributes
                0x00000fd3       0x1e d:/rm/arm-gnu-toolchian/bin/../lib/gcc/arm-none-eabi/10.3.1/thumb/v7e-m+dp/hard/crtn.o
OUTPUT(build/Irrigation_framework.elf elf32-littlearm)
LOAD linker stubs
LOAD d:/rm/arm-gnu-toolchian/bin/../lib/gcc/arm-none-eabi/10.3.1/../../../../arm-none-eabi/lib/thumb/v7e-m+dp/hard\libc.a
LOAD d:/rm/arm-gnu-toolchian/bin/../lib/gcc/arm-none-eabi/10.3.1/../../../../arm-none-eabi/lib/thumb/v7e-m+dp/hard\libm.a
LOAD d:/rm/arm-gnu-toolchian/bin/../lib/gcc/arm-none-eabi/10.3.1/thumb/v7e-m+dp/hard\libgcc.a

.debug_info     0x00000000    0x4b2d4
 .debug_info    0x00000000     0x22c9 build/main.o
 .debug_info    0x000022c9      0x8ff build/gpio.o
 .debug_info    0x00002bc8     0x1c63 build/usart.o
 .debug_info    0x0000482b     0x1735 build/stm32h7xx_it.o
 .debug_info    0x00005f60      0x8fb build/stm32h7xx_hal_msp.o
 .debug_info    0x0000685b      0x7f9 build/crc.o
 .debug_info    0x00007054      0xb2b build/rng.o
 .debug_info    0x00007b7f      0xe6a build/rtc.o
 .debug_info    0x000089e9     0x155d build/stm32h7xx_hal_cortex.o